[0.292s] Invoking command in '/home/bargavan/cyclus/build/cyclus_description': CMAKE_PREFIX_PATH=${CMAKE_PREFIX_PATH}:/opt/ros/humble /usr/bin/cmake --build /home/bargavan/cyclus/build/cyclus_description -- -j8 -l8
[0.347s] -- Found ament_cmake: 1.3.12 (/opt/ros/humble/share/ament_cmake/cmake)
[0.502s] -- Override CMake install command with custom implementation using symlinks instead of copying resources
[0.581s] -- Configuring done
[0.586s] -- Generating done
[0.587s] -- Build files have been written to: /home/bargavan/cyclus/build/cyclus_description
[0.607s] Invoked command in '/home/bargavan/cyclus/build/cyclus_description' returned '0': CMAKE_PREFIX_PATH=${CMAKE_PREFIX_PATH}:/opt/ros/humble /usr/bin/cmake --build /home/bargavan/cyclus/build/cyclus_description -- -j8 -l8
[0.617s] Invoking command in '/home/bargavan/cyclus/build/cyclus_description': CMAKE_PREFIX_PATH=${CMAKE_PREFIX_PATH}:/opt/ros/humble /usr/bin/cmake --install /home/bargavan/cyclus/build/cyclus_description
[0.624s] -- Install configuration: ""
[0.624s] -- Execute custom install script
[0.625s] -- Symlinking: /home/bargavan/cyclus/install/cyclus_description/share/cyclus_description/config/emrac_arm_controllers.yaml
[0.634s] -- Up-to-date symlink: /home/bargavan/cyclus/install/cyclus_description/share/cyclus_description/launch/__pycache__/emrac_body.launch.cpython-310.pyc
[0.634s] -- Up-to-date symlink: /home/bargavan/cyclus/install/cyclus_description/share/cyclus_description/launch/emrac_body.launch.py
[0.635s] -- Up-to-date symlink: /home/bargavan/cyclus/install/cyclus_description/share/cyclus_description/launch/gazebo.launch.py
[0.635s] -- Up-to-date symlink: /home/bargavan/cyclus/install/cyclus_description/share/cyclus_description/meshes/emrac/EMRAC Electro Mechanical Drive Pos 3.stl
[0.635s] -- Up-to-date symlink: /home/bargavan/cyclus/install/cyclus_description/share/cyclus_description/meshes/emrac/EMRAC Lift ACME Drv Shaft Motors Pos 1.stl
[0.635s] -- Up-to-date symlink: /home/bargavan/cyclus/install/cyclus_description/share/cyclus_description/meshes/emrac/EMRAC Lift ACME Drv Shaft Pos 1.stl
[0.635s] -- Up-to-date symlink: /home/bargavan/cyclus/install/cyclus_description/share/cyclus_description/meshes/emrac/EMRAC Lift Arms Drv Blks Dwn Pos 1.stl
[0.635s] -- Up-to-date symlink: /home/bargavan/cyclus/install/cyclus_description/share/cyclus_description/meshes/emrac/EMRAC Lift Arms Dwn Pos 1.stl
[0.635s] -- Up-to-date symlink: /home/bargavan/cyclus/install/cyclus_description/share/cyclus_description/meshes/emrac/EMRAC Lift Plate Dwn Pos 1.stl
[0.635s] -- Up-to-date symlink: /home/bargavan/cyclus/install/cyclus_description/share/cyclus_description/meshes/emrac/EMRAC Lift Support Blocks Bolts Pos 1.stl
[0.635s] -- Up-to-date symlink: /home/bargavan/cyclus/install/cyclus_description/share/cyclus_description/meshes/emrac/EMRAC Lift Support Blocks Pos 1.stl
[0.635s] -- Up-to-date symlink: /home/bargavan/cyclus/install/cyclus_description/share/cyclus_description/meshes/emrac/EMRAC Pos 1-2.stl
[0.636s] -- Up-to-date symlink: /home/bargavan/cyclus/install/cyclus_description/share/cyclus_description/meshes/stationary_structure_left.STL
[0.636s] -- Up-to-date symlink: /home/bargavan/cyclus/install/cyclus_description/share/cyclus_description/meshes/stationary_structure_right.STL
[0.636s] -- Up-to-date symlink: /home/bargavan/cyclus/install/cyclus_description/share/cyclus_description/urdf/cyclus_stationary_scene.urdf.xacro
[0.636s] -- Symlinking: /home/bargavan/cyclus/install/cyclus_description/share/cyclus_description/urdf/emrac_body.urdf
[0.646s] -- Up-to-date symlink: /home/bargavan/cyclus/install/cyclus_description/share/cyclus_description/urdf/emrac_body.urdf.xacro
[0.646s] -- Up-to-date symlink: /home/bargavan/cyclus/install/cyclus_description/share/cyclus_description/worlds/cyclus_empty.world.sdf
[0.646s] -- Symlinking: /home/bargavan/cyclus/install/cyclus_description/lib/cyclus_description/arm_deg_cmd_bridge.py
[0.655s] -- Up-to-date symlink: /home/bargavan/cyclus/install/cyclus_description/share/ament_index/resource_index/package_run_dependencies/cyclus_description
[0.655s] -- Up-to-date symlink: /home/bargavan/cyclus/install/cyclus_description/share/ament_index/resource_index/parent_prefix_path/cyclus_description
[0.655s] -- Up-to-date symlink: /home/bargavan/cyclus/install/cyclus_description/share/cyclus_description/environment/ament_prefix_path.sh
[0.655s] -- Up-to-date symlink: /home/bargavan/cyclus/install/cyclus_description/share/cyclus_description/environment/ament_prefix_path.dsv
[0.655s] -- Up-to-date symlink: /home/bargavan/cyclus/install/cyclus_description/share/cyclus_description/environment/path.sh
[0.655s] -- Up-to-date symlink: /home/bargavan/cyclus/install/cyclus_description/share/cyclus_description/environment/path.dsv
[0.655s] -- Up-to-date symlink: /home/bargavan/cyclus/install/cyclus_description/share/cyclus_description/local_setup.bash
[0.655s] -- Up-to-date symlink: /home/bargavan/cyclus/install/cyclus_description/share/cyclus_description/local_setup.sh
[0.656s] -- Up-to-date symlink: /home/bargavan/cyclus/install/cyclus_description/share/cyclus_description/local_setup.zsh
[0.656s] -- Up-to-date symlink: /home/bargavan/cyclus/install/cyclus_description/share/cyclus_description/local_setup.dsv
[0.656s] -- Symlinking: /home/bargavan/cyclus/install/cyclus_description/share/cyclus_description/package.dsv
[0.666s] -- Up-to-date symlink: /home/bargavan/cyclus/install/cyclus_description/share/ament_index/resource_index/packages/cyclus_description
[0.666s] -- Up-to-date symlink: /home/bargavan/cyclus/install/cyclus_description/share/cyclus_description/cmake/cyclus_descriptionConfig.cmake
[0.667s] -- Up-to-date symlink: /home/bargavan/cyclus/install/cyclus_description/share/cyclus_description/cmake/cyclus_descriptionConfig-version.cmake
[0.667s] -- Up-to-date symlink: /home/bargavan/cyclus/install/cyclus_description/share/cyclus_description/package.xml
[0.669s] Invoked command in '/home/bargavan/cyclus/build/cyclus_description' returned '0': CMAKE_PREFIX_PATH=${CMAKE_PREFIX_PATH}:/opt/ros/humble /usr/bin/cmake --install /home/bargavan/cyclus/build/cyclus_description
