[0.098s] DEBUG:colcon:Command line arguments: ['/usr/bin/colcon', 'build']
[0.098s] DEBUG:colcon:Parsed command line arguments: Namespace(log_base=None, log_level=None, verb_name='build', build_base='build', install_base='install', merge_install=False, symlink_install=False, test_result_base=None, continue_on_error=False, executor='parallel', parallel_workers=8, event_handlers=None, ignore_user_meta=False, metas=['./colcon.meta'], base_paths=['.'], packages_ignore=None, packages_ignore_regex=None, paths=None, packages_up_to=None, packages_up_to_regex=None, packages_above=None, packages_above_and_dependencies=None, packages_above_depth=None, packages_select_by_dep=None, packages_skip_by_dep=None, packages_skip_up_to=None, packages_select_build_failed=False, packages_skip_build_finished=False, packages_select_test_failures=False, packages_skip_test_passed=False, packages_select=None, packages_skip=None, packages_select_regex=None, packages_skip_regex=None, packages_start=None, packages_end=None, allow_overriding=[], cmake_args=None, cmake_target=None, cmake_target_skip_unavailable=False, cmake_clean_cache=False, cmake_clean_first=False, cmake_force_configure=False, ament_cmake_args=None, catkin_cmake_args=None, catkin_skip_building_tests=False, mixin_files=None, mixin=None, verb_parser=<colcon_mixin.mixin.mixin_argument.MixinArgumentDecorator object at 0x7aa3e8b237f0>, verb_extension=<colcon_core.verb.build.BuildVerb object at 0x7aa3e8b23250>, main=<bound method BuildVerb.main of <colcon_core.verb.build.BuildVerb object at 0x7aa3e8b23250>>, mixin_verb=('build',))
[0.270s] Level 1:colcon.colcon_core.package_discovery:discover_packages(colcon_meta) check parameters
[0.270s] Level 1:colcon.colcon_core.package_discovery:discover_packages(recursive) check parameters
[0.270s] Level 1:colcon.colcon_core.package_discovery:discover_packages(ignore) check parameters
[0.270s] Level 1:colcon.colcon_core.package_discovery:discover_packages(path) check parameters
[0.270s] Level 1:colcon.colcon_core.package_discovery:discover_packages(colcon_meta) discover
[0.270s] Level 1:colcon.colcon_core.package_discovery:discover_packages(recursive) discover
[0.270s] INFO:colcon.colcon_core.package_discovery:Crawling recursively for packages in '/home/bargavan/cyclus'
[0.270s] Level 1:colcon.colcon_core.package_identification:_identify(.) by extensions ['ignore', 'ignore_ament_install']
[0.270s] Level 1:colcon.colcon_core.package_identification:_identify(.) by extension 'ignore'
[0.270s] Level 1:colcon.colcon_core.package_identification:_identify(.) by extension 'ignore_ament_install'
[0.270s] Level 1:colcon.colcon_core.package_identification:_identify(.) by extensions ['colcon_pkg']
[0.271s] Level 1:colcon.colcon_core.package_identification:_identify(.) by extension 'colcon_pkg'
[0.271s] Level 1:colcon.colcon_core.package_identification:_identify(.) by extensions ['colcon_meta']
[0.271s] Level 1:colcon.colcon_core.package_identification:_identify(.) by extension 'colcon_meta'
[0.271s] Level 1:colcon.colcon_core.package_identification:_identify(.) by extensions ['ros']
[0.271s] Level 1:colcon.colcon_core.package_identification:_identify(.) by extension 'ros'
[0.289s] Level 1:colcon.colcon_core.package_identification:_identify(.) by extensions ['cmake', 'python']
[0.289s] Level 1:colcon.colcon_core.package_identification:_identify(.) by extension 'cmake'
[0.289s] Level 1:colcon.colcon_core.package_identification:_identify(.) by extension 'python'
[0.289s] Level 1:colcon.colcon_core.package_identification:_identify(.) by extensions ['python_setup_py']
[0.289s] Level 1:colcon.colcon_core.package_identification:_identify(.) by extension 'python_setup_py'
[0.290s] Level 1:colcon.colcon_core.package_identification:_identify(build) by extensions ['ignore', 'ignore_ament_install']
[0.290s] Level 1:colcon.colcon_core.package_identification:_identify(build) by extension 'ignore'
[0.290s] Level 1:colcon.colcon_core.package_identification:_identify(build) ignored
[0.290s] Level 1:colcon.colcon_core.package_identification:_identify(install) by extensions ['ignore', 'ignore_ament_install']
[0.290s] Level 1:colcon.colcon_core.package_identification:_identify(install) by extension 'ignore'
[0.290s] Level 1:colcon.colcon_core.package_identification:_identify(install) ignored
[0.290s] Level 1:colcon.colcon_core.package_identification:_identify(log) by extensions ['ignore', 'ignore_ament_install']
[0.290s] Level 1:colcon.colcon_core.package_identification:_identify(log) by extension 'ignore'
[0.290s] Level 1:colcon.colcon_core.package_identification:_identify(log) ignored
[0.290s] Level 1:colcon.colcon_core.package_identification:_identify(src) by extensions ['ignore', 'ignore_ament_install']
[0.290s] Level 1:colcon.colcon_core.package_identification:_identify(src) by extension 'ignore'
[0.290s] Level 1:colcon.colcon_core.package_identification:_identify(src) by extension 'ignore_ament_install'
[0.290s] Level 1:colcon.colcon_core.package_identification:_identify(src) by extensions ['colcon_pkg']
[0.290s] Level 1:colcon.colcon_core.package_identification:_identify(src) by extension 'colcon_pkg'
[0.291s] Level 1:colcon.colcon_core.package_identification:_identify(src) by extensions ['colcon_meta']
[0.291s] Level 1:colcon.colcon_core.package_identification:_identify(src) by extension 'colcon_meta'
[0.291s] Level 1:colcon.colcon_core.package_identification:_identify(src) by extensions ['ros']
[0.291s] Level 1:colcon.colcon_core.package_identification:_identify(src) by extension 'ros'
[0.291s] Level 1:colcon.colcon_core.package_identification:_identify(src) by extensions ['cmake', 'python']
[0.291s] Level 1:colcon.colcon_core.package_identification:_identify(src) by extension 'cmake'
[0.291s] Level 1:colcon.colcon_core.package_identification:_identify(src) by extension 'python'
[0.291s] Level 1:colcon.colcon_core.package_identification:_identify(src) by extensions ['python_setup_py']
[0.291s] Level 1:colcon.colcon_core.package_identification:_identify(src) by extension 'python_setup_py'
[0.291s] Level 1:colcon.colcon_core.package_identification:_identify(src/carrier_emrac) by extensions ['ignore', 'ignore_ament_install']
[0.291s] Level 1:colcon.colcon_core.package_identification:_identify(src/carrier_emrac) by extension 'ignore'
[0.291s] Level 1:colcon.colcon_core.package_identification:_identify(src/carrier_emrac) by extension 'ignore_ament_install'
[0.291s] Level 1:colcon.colcon_core.package_identification:_identify(src/carrier_emrac) by extensions ['colcon_pkg']
[0.291s] Level 1:colcon.colcon_core.package_identification:_identify(src/carrier_emrac) by extension 'colcon_pkg'
[0.291s] Level 1:colcon.colcon_core.package_identification:_identify(src/carrier_emrac) by extensions ['colcon_meta']
[0.291s] Level 1:colcon.colcon_core.package_identification:_identify(src/carrier_emrac) by extension 'colcon_meta'
[0.291s] Level 1:colcon.colcon_core.package_identification:_identify(src/carrier_emrac) by extensions ['ros']
[0.291s] Level 1:colcon.colcon_core.package_identification:_identify(src/carrier_emrac) by extension 'ros'
[0.293s] DEBUG:colcon.colcon_core.package_identification:Package 'src/carrier_emrac' with type 'ros.ament_python' and name 'carrier_emrac'
[0.293s] Level 1:colcon.colcon_core.package_identification:_identify(src/cyclus_description) by extensions ['ignore', 'ignore_ament_install']
[0.294s] Level 1:colcon.colcon_core.package_identification:_identify(src/cyclus_description) by extension 'ignore'
[0.294s] Level 1:colcon.colcon_core.package_identification:_identify(src/cyclus_description) by extension 'ignore_ament_install'
[0.294s] Level 1:colcon.colcon_core.package_identification:_identify(src/cyclus_description) by extensions ['colcon_pkg']
[0.294s] Level 1:colcon.colcon_core.package_identification:_identify(src/cyclus_description) by extension 'colcon_pkg'
[0.294s] Level 1:colcon.colcon_core.package_identification:_identify(src/cyclus_description) by extensions ['colcon_meta']
[0.294s] Level 1:colcon.colcon_core.package_identification:_identify(src/cyclus_description) by extension 'colcon_meta'
[0.294s] Level 1:colcon.colcon_core.package_identification:_identify(src/cyclus_description) by extensions ['ros']
[0.294s] Level 1:colcon.colcon_core.package_identification:_identify(src/cyclus_description) by extension 'ros'
[0.295s] DEBUG:colcon.colcon_core.package_identification:Package 'src/cyclus_description' with type 'ros.ament_cmake' and name 'cyclus_description'
[0.295s] Level 1:colcon.colcon_core.package_discovery:discover_packages(recursive) using defaults
[0.295s] Level 1:colcon.colcon_core.package_discovery:discover_packages(ignore) discover
[0.295s] Level 1:colcon.colcon_core.package_discovery:discover_packages(ignore) using defaults
[0.295s] Level 1:colcon.colcon_core.package_discovery:discover_packages(path) discover
[0.295s] Level 1:colcon.colcon_core.package_discovery:discover_packages(path) using defaults
[0.312s] Level 1:colcon.colcon_core.package_discovery:discover_packages(prefix_path) check parameters
[0.312s] Level 1:colcon.colcon_core.package_discovery:discover_packages(prefix_path) discover
[0.313s] DEBUG:colcon.colcon_installed_package_information.package_discovery:Found 2 installed packages in /home/bargavan/cyclus/install
[0.315s] DEBUG:colcon.colcon_installed_package_information.package_discovery:Found 521 installed packages in /opt/ros/humble
[0.318s] Level 1:colcon.colcon_core.package_discovery:discover_packages(prefix_path) using defaults
[0.372s] Level 5:colcon.colcon_core.verb:set package 'carrier_emrac' build argument 'cmake_args' from command line to 'None'
[0.373s] Level 5:colcon.colcon_core.verb:set package 'carrier_emrac' build argument 'cmake_target' from command line to 'None'
[0.373s] Level 5:colcon.colcon_core.verb:set package 'carrier_emrac' build argument 'cmake_target_skip_unavailable' from command line to 'False'
[0.373s] Level 5:colcon.colcon_core.verb:set package 'carrier_emrac' build argument 'cmake_clean_cache' from command line to 'False'
[0.373s] Level 5:colcon.colcon_core.verb:set package 'carrier_emrac' build argument 'cmake_clean_first' from command line to 'False'
[0.373s] Level 5:colcon.colcon_core.verb:set package 'carrier_emrac' build argument 'cmake_force_configure' from command line to 'False'
[0.373s] Level 5:colcon.colcon_core.verb:set package 'carrier_emrac' build argument 'ament_cmake_args' from command line to 'None'
[0.373s] Level 5:colcon.colcon_core.verb:set package 'carrier_emrac' build argument 'catkin_cmake_args' from command line to 'None'
[0.373s] Level 5:colcon.colcon_core.verb:set package 'carrier_emrac' build argument 'catkin_skip_building_tests' from command line to 'False'
[0.373s] DEBUG:colcon.colcon_core.verb:Building package 'carrier_emrac' with the following arguments: {'ament_cmake_args': None, 'build_base': '/home/bargavan/cyclus/build/carrier_emrac', 'catkin_cmake_args': None, 'catkin_skip_building_tests': False, 'cmake_args': None, 'cmake_clean_cache': False, 'cmake_clean_first': False, 'cmake_force_configure': False, 'cmake_target': None, 'cmake_target_skip_unavailable': False, 'install_base': '/home/bargavan/cyclus/install/carrier_emrac', 'merge_install': False, 'path': '/home/bargavan/cyclus/src/carrier_emrac', 'symlink_install': False, 'test_result_base': None}
[0.373s] Level 5:colcon.colcon_core.verb:set package 'cyclus_description' build argument 'cmake_args' from command line to 'None'
[0.373s] Level 5:colcon.colcon_core.verb:set package 'cyclus_description' build argument 'cmake_target' from command line to 'None'
[0.373s] Level 5:colcon.colcon_core.verb:set package 'cyclus_description' build argument 'cmake_target_skip_unavailable' from command line to 'False'
[0.373s] Level 5:colcon.colcon_core.verb:set package 'cyclus_description' build argument 'cmake_clean_cache' from command line to 'False'
[0.373s] Level 5:colcon.colcon_core.verb:set package 'cyclus_description' build argument 'cmake_clean_first' from command line to 'False'
[0.373s] Level 5:colcon.colcon_core.verb:set package 'cyclus_description' build argument 'cmake_force_configure' from command line to 'False'
[0.373s] Level 5:colcon.colcon_core.verb:set package 'cyclus_description' build argument 'ament_cmake_args' from command line to 'None'
[0.373s] Level 5:colcon.colcon_core.verb:set package 'cyclus_description' build argument 'catkin_cmake_args' from command line to 'None'
[0.373s] Level 5:colcon.colcon_core.verb:set package 'cyclus_description' build argument 'catkin_skip_building_tests' from command line to 'False'
[0.373s] DEBUG:colcon.colcon_core.verb:Building package 'cyclus_description' with the following arguments: {'ament_cmake_args': None, 'build_base': '/home/bargavan/cyclus/build/cyclus_description', 'catkin_cmake_args': None, 'catkin_skip_building_tests': False, 'cmake_args': None, 'cmake_clean_cache': False, 'cmake_clean_first': False, 'cmake_force_configure': False, 'cmake_target': None, 'cmake_target_skip_unavailable': False, 'install_base': '/home/bargavan/cyclus/install/cyclus_description', 'merge_install': False, 'path': '/home/bargavan/cyclus/src/cyclus_description', 'symlink_install': False, 'test_result_base': None}
[0.373s] INFO:colcon.colcon_core.executor:Executing jobs using 'parallel' executor
[0.375s] DEBUG:colcon.colcon_parallel_executor.executor.parallel:run_until_complete
[0.375s] INFO:colcon.colcon_ros.task.ament_python.build:Building ROS package in '/home/bargavan/cyclus/src/carrier_emrac' with build type 'ament_python'
[0.375s] Level 1:colcon.colcon_core.shell:create_environment_hook('carrier_emrac', 'ament_prefix_path')
[0.376s] INFO:colcon.colcon_core.plugin_system:Skipping extension 'colcon_core.shell.bat': Not used on non-Windows systems
[0.377s] INFO:colcon.colcon_core.shell:Creating environment hook '/home/bargavan/cyclus/install/carrier_emrac/share/carrier_emrac/hook/ament_prefix_path.ps1'
[0.377s] INFO:colcon.colcon_core.shell:Creating environment descriptor '/home/bargavan/cyclus/install/carrier_emrac/share/carrier_emrac/hook/ament_prefix_path.dsv'
[0.378s] INFO:colcon.colcon_core.shell:Creating environment hook '/home/bargavan/cyclus/install/carrier_emrac/share/carrier_emrac/hook/ament_prefix_path.sh'
[0.378s] INFO:colcon.colcon_core.shell:Skip shell extension 'powershell' for command environment: Not usable outside of PowerShell
[0.378s] DEBUG:colcon.colcon_core.shell:Skip shell extension 'dsv' for command environment
[0.382s] INFO:colcon.colcon_ros.task.ament_cmake.build:Building ROS package in '/home/bargavan/cyclus/src/cyclus_description' with build type 'ament_cmake'
[0.382s] INFO:colcon.colcon_cmake.task.cmake.build:Building CMake package in '/home/bargavan/cyclus/src/cyclus_description'
[0.383s] INFO:colcon.colcon_core.shell:Skip shell extension 'powershell' for command environment: Not usable outside of PowerShell
[0.383s] DEBUG:colcon.colcon_core.shell:Skip shell extension 'dsv' for command environment
[0.642s] INFO:colcon.colcon_core.task.python.build:Building Python package in '/home/bargavan/cyclus/src/carrier_emrac'
[0.642s] INFO:colcon.colcon_core.shell:Skip shell extension 'powershell' for command environment: Not usable outside of PowerShell
[0.642s] DEBUG:colcon.colcon_core.shell:Skip shell extension 'dsv' for command environment
[0.651s] DEBUG:colcon.colcon_core.event_handler.log_command:Invoking command in '/home/bargavan/cyclus/build/cyclus_description': CMAKE_PREFIX_PATH=${CMAKE_PREFIX_PATH}:/home/bargavan/cyclus/install/carrier_emrac:/opt/ros/humble /usr/bin/cmake --build /home/bargavan/cyclus/build/cyclus_description -- -j8 -l8
[0.918s] DEBUG:colcon.colcon_core.event_handler.log_command:Invoked command in '/home/bargavan/cyclus/build/cyclus_description' returned '0': CMAKE_PREFIX_PATH=${CMAKE_PREFIX_PATH}:/home/bargavan/cyclus/install/carrier_emrac:/opt/ros/humble /usr/bin/cmake --build /home/bargavan/cyclus/build/cyclus_description -- -j8 -l8
[0.927s] DEBUG:colcon.colcon_core.event_handler.log_command:Invoking command in '/home/bargavan/cyclus/build/cyclus_description': CMAKE_PREFIX_PATH=${CMAKE_PREFIX_PATH}:/home/bargavan/cyclus/install/carrier_emrac:/opt/ros/humble /usr/bin/cmake --install /home/bargavan/cyclus/build/cyclus_description
[0.987s] Level 1:colcon.colcon_core.environment:create_environment_scripts_only(cyclus_description)
[0.988s] DEBUG:colcon.colcon_core.event_handler.log_command:Invoked command in '/home/bargavan/cyclus/build/cyclus_description' returned '0': CMAKE_PREFIX_PATH=${CMAKE_PREFIX_PATH}:/home/bargavan/cyclus/install/carrier_emrac:/opt/ros/humble /usr/bin/cmake --install /home/bargavan/cyclus/build/cyclus_description
[0.990s] Level 1:colcon.colcon_core.environment:checking '/home/bargavan/cyclus/install/cyclus_description' for CMake module files
[0.991s] Level 1:colcon.colcon_core.environment:checking '/home/bargavan/cyclus/install/cyclus_description' for CMake config files
[0.991s] Level 1:colcon.colcon_core.shell:create_environment_hook('cyclus_description', 'cmake_prefix_path')
[0.991s] INFO:colcon.colcon_core.shell:Creating environment hook '/home/bargavan/cyclus/install/cyclus_description/share/cyclus_description/hook/cmake_prefix_path.ps1'
[0.992s] INFO:colcon.colcon_core.shell:Creating environment descriptor '/home/bargavan/cyclus/install/cyclus_description/share/cyclus_description/hook/cmake_prefix_path.dsv'
[0.992s] INFO:colcon.colcon_core.shell:Creating environment hook '/home/bargavan/cyclus/install/cyclus_description/share/cyclus_description/hook/cmake_prefix_path.sh'
[0.993s] Level 1:colcon.colcon_core.environment:checking '/home/bargavan/cyclus/install/cyclus_description/lib'
[0.993s] Level 1:colcon.colcon_core.environment:checking '/home/bargavan/cyclus/install/cyclus_description/bin'
[0.993s] Level 1:colcon.colcon_core.environment:checking '/home/bargavan/cyclus/install/cyclus_description/lib/pkgconfig/cyclus_description.pc'
[0.994s] Level 1:colcon.colcon_core.environment:checking '/home/bargavan/cyclus/install/cyclus_description/lib/python3.10/site-packages'
[0.994s] Level 1:colcon.colcon_core.environment:checking '/home/bargavan/cyclus/install/cyclus_description/bin'
[0.994s] INFO:colcon.colcon_core.shell:Creating package script '/home/bargavan/cyclus/install/cyclus_description/share/cyclus_description/package.ps1'
[0.995s] INFO:colcon.colcon_core.shell:Creating package descriptor '/home/bargavan/cyclus/install/cyclus_description/share/cyclus_description/package.dsv'
[0.996s] INFO:colcon.colcon_core.shell:Creating package script '/home/bargavan/cyclus/install/cyclus_description/share/cyclus_description/package.sh'
[0.996s] INFO:colcon.colcon_core.shell:Creating package script '/home/bargavan/cyclus/install/cyclus_description/share/cyclus_description/package.bash'
[0.997s] INFO:colcon.colcon_core.shell:Creating package script '/home/bargavan/cyclus/install/cyclus_description/share/cyclus_description/package.zsh'
[0.998s] Level 1:colcon.colcon_core.environment:create_file_with_runtime_dependencies(/home/bargavan/cyclus/install/cyclus_description/share/colcon-core/packages/cyclus_description)
[0.998s] Level 1:colcon.colcon_core.environment:create_environment_scripts_only(cyclus_description)
[0.998s] Level 1:colcon.colcon_core.environment:checking '/home/bargavan/cyclus/install/cyclus_description' for CMake module files
[0.999s] Level 1:colcon.colcon_core.environment:checking '/home/bargavan/cyclus/install/cyclus_description' for CMake config files
[0.999s] Level 1:colcon.colcon_core.shell:create_environment_hook('cyclus_description', 'cmake_prefix_path')
[1.000s] INFO:colcon.colcon_core.shell:Creating environment hook '/home/bargavan/cyclus/install/cyclus_description/share/cyclus_description/hook/cmake_prefix_path.ps1'
[1.000s] INFO:colcon.colcon_core.shell:Creating environment descriptor '/home/bargavan/cyclus/install/cyclus_description/share/cyclus_description/hook/cmake_prefix_path.dsv'
[1.000s] INFO:colcon.colcon_core.shell:Creating environment hook '/home/bargavan/cyclus/install/cyclus_description/share/cyclus_description/hook/cmake_prefix_path.sh'
[1.001s] Level 1:colcon.colcon_core.environment:checking '/home/bargavan/cyclus/install/cyclus_description/lib'
[1.001s] Level 1:colcon.colcon_core.environment:checking '/home/bargavan/cyclus/install/cyclus_description/bin'
[1.001s] Level 1:colcon.colcon_core.environment:checking '/home/bargavan/cyclus/install/cyclus_description/lib/pkgconfig/cyclus_description.pc'
[1.001s] Level 1:colcon.colcon_core.environment:checking '/home/bargavan/cyclus/install/cyclus_description/lib/python3.10/site-packages'
[1.002s] Level 1:colcon.colcon_core.environment:checking '/home/bargavan/cyclus/install/cyclus_description/bin'
[1.002s] INFO:colcon.colcon_core.shell:Creating package script '/home/bargavan/cyclus/install/cyclus_description/share/cyclus_description/package.ps1'
[1.003s] INFO:colcon.colcon_core.shell:Creating package descriptor '/home/bargavan/cyclus/install/cyclus_description/share/cyclus_description/package.dsv'
[1.003s] INFO:colcon.colcon_core.shell:Creating package script '/home/bargavan/cyclus/install/cyclus_description/share/cyclus_description/package.sh'
[1.004s] INFO:colcon.colcon_core.shell:Creating package script '/home/bargavan/cyclus/install/cyclus_description/share/cyclus_description/package.bash'
[1.004s] INFO:colcon.colcon_core.shell:Creating package script '/home/bargavan/cyclus/install/cyclus_description/share/cyclus_description/package.zsh'
[1.004s] Level 1:colcon.colcon_core.environment:create_file_with_runtime_dependencies(/home/bargavan/cyclus/install/cyclus_description/share/colcon-core/packages/cyclus_description)
[1.051s] DEBUG:colcon.colcon_core.event_handler.log_command:Invoking command in '/home/bargavan/cyclus/src/carrier_emrac': PYTHONPATH=/home/bargavan/cyclus/build/carrier_emrac/prefix_override:/usr/lib/python3/dist-packages/colcon_core/task/python/colcon_distutils_commands:/home/bargavan/cyclus/install/carrier_emrac/lib/python3.10/site-packages:${PYTHONPATH} /usr/bin/python3 -W ignore:setup.py install is deprecated -W ignore:easy_install command is deprecated setup.py egg_info --egg-base ../../build/carrier_emrac build --build-base /home/bargavan/cyclus/build/carrier_emrac/build install --record /home/bargavan/cyclus/build/carrier_emrac/install.log --single-version-externally-managed install_data
[1.344s] Level 1:colcon.colcon_core.environment:checking '/home/bargavan/cyclus/install/carrier_emrac' for CMake module files
[1.344s] DEBUG:colcon.colcon_core.event_handler.log_command:Invoked command in '/home/bargavan/cyclus/src/carrier_emrac' returned '0': PYTHONPATH=/home/bargavan/cyclus/build/carrier_emrac/prefix_override:/usr/lib/python3/dist-packages/colcon_core/task/python/colcon_distutils_commands:/home/bargavan/cyclus/install/carrier_emrac/lib/python3.10/site-packages:${PYTHONPATH} /usr/bin/python3 -W ignore:setup.py install is deprecated -W ignore:easy_install command is deprecated setup.py egg_info --egg-base ../../build/carrier_emrac build --build-base /home/bargavan/cyclus/build/carrier_emrac/build install --record /home/bargavan/cyclus/build/carrier_emrac/install.log --single-version-externally-managed install_data
[1.344s] Level 1:colcon.colcon_core.environment:checking '/home/bargavan/cyclus/install/carrier_emrac' for CMake config files
[1.345s] Level 1:colcon.colcon_core.environment:checking '/home/bargavan/cyclus/install/carrier_emrac/lib'
[1.345s] Level 1:colcon.colcon_core.environment:checking '/home/bargavan/cyclus/install/carrier_emrac/bin'
[1.345s] Level 1:colcon.colcon_core.environment:checking '/home/bargavan/cyclus/install/carrier_emrac/lib/pkgconfig/carrier_emrac.pc'
[1.345s] Level 1:colcon.colcon_core.environment:checking '/home/bargavan/cyclus/install/carrier_emrac/lib/python3.10/site-packages'
[1.345s] Level 1:colcon.colcon_core.shell:create_environment_hook('carrier_emrac', 'pythonpath')
[1.346s] INFO:colcon.colcon_core.shell:Creating environment hook '/home/bargavan/cyclus/install/carrier_emrac/share/carrier_emrac/hook/pythonpath.ps1'
[1.346s] INFO:colcon.colcon_core.shell:Creating environment descriptor '/home/bargavan/cyclus/install/carrier_emrac/share/carrier_emrac/hook/pythonpath.dsv'
[1.346s] INFO:colcon.colcon_core.shell:Creating environment hook '/home/bargavan/cyclus/install/carrier_emrac/share/carrier_emrac/hook/pythonpath.sh'
[1.347s] Level 1:colcon.colcon_core.environment:checking '/home/bargavan/cyclus/install/carrier_emrac/bin'
[1.347s] Level 1:colcon.colcon_core.environment:create_environment_scripts_only(carrier_emrac)
[1.347s] INFO:colcon.colcon_core.shell:Creating package script '/home/bargavan/cyclus/install/carrier_emrac/share/carrier_emrac/package.ps1'
[1.348s] INFO:colcon.colcon_core.shell:Creating package descriptor '/home/bargavan/cyclus/install/carrier_emrac/share/carrier_emrac/package.dsv'
[1.348s] INFO:colcon.colcon_core.shell:Creating package script '/home/bargavan/cyclus/install/carrier_emrac/share/carrier_emrac/package.sh'
[1.349s] INFO:colcon.colcon_core.shell:Creating package script '/home/bargavan/cyclus/install/carrier_emrac/share/carrier_emrac/package.bash'
[1.349s] INFO:colcon.colcon_core.shell:Creating package script '/home/bargavan/cyclus/install/carrier_emrac/share/carrier_emrac/package.zsh'
[1.349s] Level 1:colcon.colcon_core.environment:create_file_with_runtime_dependencies(/home/bargavan/cyclus/install/carrier_emrac/share/colcon-core/packages/carrier_emrac)
[1.350s] DEBUG:colcon.colcon_parallel_executor.executor.parallel:closing loop
[1.350s] DEBUG:colcon.colcon_parallel_executor.executor.parallel:loop closed
[1.350s] DEBUG:colcon.colcon_parallel_executor.executor.parallel:run_until_complete finished with '0'
[1.350s] DEBUG:colcon.colcon_core.event_reactor:joining thread
[1.355s] INFO:colcon.colcon_core.plugin_system:Skipping extension 'colcon_notification.desktop_notification.terminal_notifier': Not used on non-Darwin systems
[1.355s] INFO:colcon.colcon_core.plugin_system:Skipping extension 'colcon_notification.desktop_notification.win32': Not used on non-Windows systems
[1.355s] INFO:colcon.colcon_notification.desktop_notification:Sending desktop notification using 'notify2'
[1.374s] DEBUG:colcon.colcon_core.event_reactor:joined thread
[1.374s] INFO:colcon.colcon_core.shell:Creating prefix script '/home/bargavan/cyclus/install/local_setup.ps1'
[1.375s] INFO:colcon.colcon_core.shell:Creating prefix util module '/home/bargavan/cyclus/install/_local_setup_util_ps1.py'
[1.377s] INFO:colcon.colcon_core.shell:Creating prefix chain script '/home/bargavan/cyclus/install/setup.ps1'
[1.378s] INFO:colcon.colcon_core.shell:Creating prefix script '/home/bargavan/cyclus/install/local_setup.sh'
[1.379s] INFO:colcon.colcon_core.shell:Creating prefix util module '/home/bargavan/cyclus/install/_local_setup_util_sh.py'
[1.379s] INFO:colcon.colcon_core.shell:Creating prefix chain script '/home/bargavan/cyclus/install/setup.sh'
[1.380s] INFO:colcon.colcon_core.shell:Creating prefix script '/home/bargavan/cyclus/install/local_setup.bash'
[1.381s] INFO:colcon.colcon_core.shell:Creating prefix chain script '/home/bargavan/cyclus/install/setup.bash'
[1.382s] INFO:colcon.colcon_core.shell:Creating prefix script '/home/bargavan/cyclus/install/local_setup.zsh'
[1.382s] INFO:colcon.colcon_core.shell:Creating prefix chain script '/home/bargavan/cyclus/install/setup.zsh'
