/home/bargavan/cyclus/install/carrier_emrac/share/ament_index/resource_index/packages/carrier_emrac
/home/bargavan/cyclus/install/carrier_emrac/share/carrier_emrac/package.xml
/home/bargavan/cyclus/install/carrier_emrac/share/carrier_emrac/launch.py
/home/bargavan/cyclus/install/carrier_emrac/share/carrier_emrac/urdf/carrier_emrac.xacro
/home/bargavan/cyclus/install/carrier_emrac/share/carrier_emrac/rviz/default.rviz
/home/bargavan/cyclus/install/carrier_emrac/share/carrier_emrac/meshes/collision/docking_3.STL
/home/bargavan/cyclus/install/carrier_emrac/share/carrier_emrac/meshes/collision/docking_4.STL
/home/bargavan/cyclus/install/carrier_emrac/share/carrier_emrac/meshes/collision/dock_arm_1.STL
/home/bargavan/cyclus/install/carrier_emrac/share/carrier_emrac/meshes/collision/dock_arm_4.STL
/home/bargavan/cyclus/install/carrier_emrac/share/carrier_emrac/meshes/collision/dock_arm_3.STL
/home/bargavan/cyclus/install/carrier_emrac/share/carrier_emrac/meshes/collision/base_link.STL
/home/bargavan/cyclus/install/carrier_emrac/share/carrier_emrac/meshes/collision/docking_2.STL
/home/bargavan/cyclus/install/carrier_emrac/share/carrier_emrac/meshes/collision/docking_1.STL
/home/bargavan/cyclus/install/carrier_emrac/share/carrier_emrac/meshes/collision/dock_arm_2.STL
/home/bargavan/cyclus/install/carrier_emrac/share/carrier_emrac/meshes/visual/docking_3.STL
/home/bargavan/cyclus/install/carrier_emrac/share/carrier_emrac/meshes/visual/docking_4.STL
/home/bargavan/cyclus/install/carrier_emrac/share/carrier_emrac/meshes/visual/dock_arm_1.STL
/home/bargavan/cyclus/install/carrier_emrac/share/carrier_emrac/meshes/visual/dock_arm_4.STL
/home/bargavan/cyclus/install/carrier_emrac/share/carrier_emrac/meshes/visual/dock_arm_3.STL
/home/bargavan/cyclus/install/carrier_emrac/share/carrier_emrac/meshes/visual/base_link.STL
/home/bargavan/cyclus/install/carrier_emrac/share/carrier_emrac/meshes/visual/docking_2.STL
/home/bargavan/cyclus/install/carrier_emrac/share/carrier_emrac/meshes/visual/docking_1.STL
/home/bargavan/cyclus/install/carrier_emrac/share/carrier_emrac/meshes/visual/dock_arm_2.STL
/home/bargavan/cyclus/install/carrier_emrac/lib/python3.10/site-packages/carrier_emrac-0.0.0-py3.10.egg-info/zip-safe
/home/bargavan/cyclus/install/carrier_emrac/lib/python3.10/site-packages/carrier_emrac-0.0.0-py3.10.egg-info/requires.txt
/home/bargavan/cyclus/install/carrier_emrac/lib/python3.10/site-packages/carrier_emrac-0.0.0-py3.10.egg-info/SOURCES.txt
/home/bargavan/cyclus/install/carrier_emrac/lib/python3.10/site-packages/carrier_emrac-0.0.0-py3.10.egg-info/dependency_links.txt
/home/bargavan/cyclus/install/carrier_emrac/lib/python3.10/site-packages/carrier_emrac-0.0.0-py3.10.egg-info/entry_points.txt
/home/bargavan/cyclus/install/carrier_emrac/lib/python3.10/site-packages/carrier_emrac-0.0.0-py3.10.egg-info/top_level.txt
/home/bargavan/cyclus/install/carrier_emrac/lib/python3.10/site-packages/carrier_emrac-0.0.0-py3.10.egg-info/PKG-INFO
