running develop
running egg_info
writing carrier_emrac.egg-info/PKG-INFO
writing dependency_links to carrier_emrac.egg-info/dependency_links.txt
writing entry points to carrier_emrac.egg-info/entry_points.txt
writing requirements to carrier_emrac.egg-info/requires.txt
writing top-level names to carrier_emrac.egg-info/top_level.txt
reading manifest file 'carrier_emrac.egg-info/SOURCES.txt'
writing manifest file 'carrier_emrac.egg-info/SOURCES.txt'
running build_ext
Creating /home/bargavan/cyclus/install/carrier_emrac/lib/python3.10/site-packages/carrier-emrac.egg-link (link to .)

Installed /home/bargavan/cyclus/build/carrier_emrac
running symlink_data
symbolically linking /home/bargavan/cyclus/build/carrier_emrac/resource/carrier_emrac -> /home/bargavan/cyclus/install/carrier_emrac/share/ament_index/resource_index/packages
symbolically linking /home/bargavan/cyclus/build/carrier_emrac/package.xml -> /home/bargavan/cyclus/install/carrier_emrac/share/carrier_emrac
symbolically linking /home/bargavan/cyclus/build/carrier_emrac/launch/launch.py -> /home/bargavan/cyclus/install/carrier_emrac/share/carrier_emrac
symbolically linking /home/bargavan/cyclus/build/carrier_emrac/urdf/carrier_emrac.xacro -> /home/bargavan/cyclus/install/carrier_emrac/share/carrier_emrac/urdf/
symbolically linking /home/bargavan/cyclus/build/carrier_emrac/rviz/default.rviz -> /home/bargavan/cyclus/install/carrier_emrac/share/carrier_emrac/rviz/
symbolically linking /home/bargavan/cyclus/build/carrier_emrac/meshes/collision/docking_3.STL -> /home/bargavan/cyclus/install/carrier_emrac/share/carrier_emrac/meshes/collision/
symbolically linking /home/bargavan/cyclus/build/carrier_emrac/meshes/collision/docking_4.STL -> /home/bargavan/cyclus/install/carrier_emrac/share/carrier_emrac/meshes/collision/
symbolically linking /home/bargavan/cyclus/build/carrier_emrac/meshes/collision/dock_arm_1.STL -> /home/bargavan/cyclus/install/carrier_emrac/share/carrier_emrac/meshes/collision/
symbolically linking /home/bargavan/cyclus/build/carrier_emrac/meshes/collision/dock_arm_4.STL -> /home/bargavan/cyclus/install/carrier_emrac/share/carrier_emrac/meshes/collision/
symbolically linking /home/bargavan/cyclus/build/carrier_emrac/meshes/collision/dock_arm_3.STL -> /home/bargavan/cyclus/install/carrier_emrac/share/carrier_emrac/meshes/collision/
symbolically linking /home/bargavan/cyclus/build/carrier_emrac/meshes/collision/base_link.STL -> /home/bargavan/cyclus/install/carrier_emrac/share/carrier_emrac/meshes/collision/
symbolically linking /home/bargavan/cyclus/build/carrier_emrac/meshes/collision/docking_2.STL -> /home/bargavan/cyclus/install/carrier_emrac/share/carrier_emrac/meshes/collision/
symbolically linking /home/bargavan/cyclus/build/carrier_emrac/meshes/collision/docking_1.STL -> /home/bargavan/cyclus/install/carrier_emrac/share/carrier_emrac/meshes/collision/
symbolically linking /home/bargavan/cyclus/build/carrier_emrac/meshes/collision/dock_arm_2.STL -> /home/bargavan/cyclus/install/carrier_emrac/share/carrier_emrac/meshes/collision/
symbolically linking /home/bargavan/cyclus/build/carrier_emrac/meshes/visual/docking_3.STL -> /home/bargavan/cyclus/install/carrier_emrac/share/carrier_emrac/meshes/visual/
symbolically linking /home/bargavan/cyclus/build/carrier_emrac/meshes/visual/docking_4.STL -> /home/bargavan/cyclus/install/carrier_emrac/share/carrier_emrac/meshes/visual/
symbolically linking /home/bargavan/cyclus/build/carrier_emrac/meshes/visual/dock_arm_1.STL -> /home/bargavan/cyclus/install/carrier_emrac/share/carrier_emrac/meshes/visual/
symbolically linking /home/bargavan/cyclus/build/carrier_emrac/meshes/visual/dock_arm_4.STL -> /home/bargavan/cyclus/install/carrier_emrac/share/carrier_emrac/meshes/visual/
symbolically linking /home/bargavan/cyclus/build/carrier_emrac/meshes/visual/dock_arm_3.STL -> /home/bargavan/cyclus/install/carrier_emrac/share/carrier_emrac/meshes/visual/
symbolically linking /home/bargavan/cyclus/build/carrier_emrac/meshes/visual/base_link.STL -> /home/bargavan/cyclus/install/carrier_emrac/share/carrier_emrac/meshes/visual/
symbolically linking /home/bargavan/cyclus/build/carrier_emrac/meshes/visual/docking_2.STL -> /home/bargavan/cyclus/install/carrier_emrac/share/carrier_emrac/meshes/visual/
symbolically linking /home/bargavan/cyclus/build/carrier_emrac/meshes/visual/docking_1.STL -> /home/bargavan/cyclus/install/carrier_emrac/share/carrier_emrac/meshes/visual/
symbolically linking /home/bargavan/cyclus/build/carrier_emrac/meshes/visual/dock_arm_2.STL -> /home/bargavan/cyclus/install/carrier_emrac/share/carrier_emrac/meshes/visual/
