[0.682s] Invoking command in '/home/bargavan/cyclus/build/carrier_emrac': PYTHONPATH=/home/bargavan/cyclus/build/carrier_emrac/prefix_override:/usr/lib/python3/dist-packages/colcon_core/task/python/colcon_distutils_commands:/home/bargavan/cyclus/install/carrier_emrac/lib/python3.10/site-packages:${PYTHONPATH} /usr/bin/python3 -W ignore:setup.py install is deprecated -W ignore:easy_install command is deprecated setup.py develop --editable --build-directory /home/bargavan/cyclus/build/carrier_emrac/build --no-deps symlink_data --force
[0.950s] running develop
[1.144s] running egg_info
[1.144s] writing carrier_emrac.egg-info/PKG-INFO
[1.144s] writing dependency_links to carrier_emrac.egg-info/dependency_links.txt
[1.145s] writing entry points to carrier_emrac.egg-info/entry_points.txt
[1.145s] writing requirements to carrier_emrac.egg-info/requires.txt
[1.145s] writing top-level names to carrier_emrac.egg-info/top_level.txt
[1.146s] reading manifest file 'carrier_emrac.egg-info/SOURCES.txt'
[1.147s] writing manifest file 'carrier_emrac.egg-info/SOURCES.txt'
[1.148s] running build_ext
[1.149s] Creating /home/bargavan/cyclus/install/carrier_emrac/lib/python3.10/site-packages/carrier-emrac.egg-link (link to .)
[1.149s] 
[1.149s] Installed /home/bargavan/cyclus/build/carrier_emrac
[1.149s] running symlink_data
[1.150s] symbolically linking /home/bargavan/cyclus/build/carrier_emrac/resource/carrier_emrac -> /home/bargavan/cyclus/install/carrier_emrac/share/ament_index/resource_index/packages
[1.150s] symbolically linking /home/bargavan/cyclus/build/carrier_emrac/package.xml -> /home/bargavan/cyclus/install/carrier_emrac/share/carrier_emrac
[1.150s] symbolically linking /home/bargavan/cyclus/build/carrier_emrac/launch/launch.py -> /home/bargavan/cyclus/install/carrier_emrac/share/carrier_emrac
[1.150s] symbolically linking /home/bargavan/cyclus/build/carrier_emrac/urdf/carrier_emrac.xacro -> /home/bargavan/cyclus/install/carrier_emrac/share/carrier_emrac/urdf/
[1.150s] symbolically linking /home/bargavan/cyclus/build/carrier_emrac/rviz/default.rviz -> /home/bargavan/cyclus/install/carrier_emrac/share/carrier_emrac/rviz/
[1.150s] symbolically linking /home/bargavan/cyclus/build/carrier_emrac/meshes/collision/docking_3.STL -> /home/bargavan/cyclus/install/carrier_emrac/share/carrier_emrac/meshes/collision/
[1.150s] symbolically linking /home/bargavan/cyclus/build/carrier_emrac/meshes/collision/docking_4.STL -> /home/bargavan/cyclus/install/carrier_emrac/share/carrier_emrac/meshes/collision/
[1.150s] symbolically linking /home/bargavan/cyclus/build/carrier_emrac/meshes/collision/dock_arm_1.STL -> /home/bargavan/cyclus/install/carrier_emrac/share/carrier_emrac/meshes/collision/
[1.150s] symbolically linking /home/bargavan/cyclus/build/carrier_emrac/meshes/collision/dock_arm_4.STL -> /home/bargavan/cyclus/install/carrier_emrac/share/carrier_emrac/meshes/collision/
[1.151s] symbolically linking /home/bargavan/cyclus/build/carrier_emrac/meshes/collision/dock_arm_3.STL -> /home/bargavan/cyclus/install/carrier_emrac/share/carrier_emrac/meshes/collision/
[1.152s] symbolically linking /home/bargavan/cyclus/build/carrier_emrac/meshes/collision/base_link.STL -> /home/bargavan/cyclus/install/carrier_emrac/share/carrier_emrac/meshes/collision/
[1.152s] symbolically linking /home/bargavan/cyclus/build/carrier_emrac/meshes/collision/docking_2.STL -> /home/bargavan/cyclus/install/carrier_emrac/share/carrier_emrac/meshes/collision/
[1.153s] symbolically linking /home/bargavan/cyclus/build/carrier_emrac/meshes/collision/docking_1.STL -> /home/bargavan/cyclus/install/carrier_emrac/share/carrier_emrac/meshes/collision/
[1.153s] symbolically linking /home/bargavan/cyclus/build/carrier_emrac/meshes/collision/dock_arm_2.STL -> /home/bargavan/cyclus/install/carrier_emrac/share/carrier_emrac/meshes/collision/
[1.153s] symbolically linking /home/bargavan/cyclus/build/carrier_emrac/meshes/visual/docking_3.STL -> /home/bargavan/cyclus/install/carrier_emrac/share/carrier_emrac/meshes/visual/
[1.153s] symbolically linking /home/bargavan/cyclus/build/carrier_emrac/meshes/visual/docking_4.STL -> /home/bargavan/cyclus/install/carrier_emrac/share/carrier_emrac/meshes/visual/
[1.153s] symbolically linking /home/bargavan/cyclus/build/carrier_emrac/meshes/visual/dock_arm_1.STL -> /home/bargavan/cyclus/install/carrier_emrac/share/carrier_emrac/meshes/visual/
[1.153s] symbolically linking /home/bargavan/cyclus/build/carrier_emrac/meshes/visual/dock_arm_4.STL -> /home/bargavan/cyclus/install/carrier_emrac/share/carrier_emrac/meshes/visual/
[1.153s] symbolically linking /home/bargavan/cyclus/build/carrier_emrac/meshes/visual/dock_arm_3.STL -> /home/bargavan/cyclus/install/carrier_emrac/share/carrier_emrac/meshes/visual/
[1.155s] symbolically linking /home/bargavan/cyclus/build/carrier_emrac/meshes/visual/base_link.STL -> /home/bargavan/cyclus/install/carrier_emrac/share/carrier_emrac/meshes/visual/
[1.155s] symbolically linking /home/bargavan/cyclus/build/carrier_emrac/meshes/visual/docking_2.STL -> /home/bargavan/cyclus/install/carrier_emrac/share/carrier_emrac/meshes/visual/
[1.155s] symbolically linking /home/bargavan/cyclus/build/carrier_emrac/meshes/visual/docking_1.STL -> /home/bargavan/cyclus/install/carrier_emrac/share/carrier_emrac/meshes/visual/
[1.155s] symbolically linking /home/bargavan/cyclus/build/carrier_emrac/meshes/visual/dock_arm_2.STL -> /home/bargavan/cyclus/install/carrier_emrac/share/carrier_emrac/meshes/visual/
[1.184s] Invoked command in '/home/bargavan/cyclus/build/carrier_emrac' returned '0': PYTHONPATH=/home/bargavan/cyclus/build/carrier_emrac/prefix_override:/usr/lib/python3/dist-packages/colcon_core/task/python/colcon_distutils_commands:/home/bargavan/cyclus/install/carrier_emrac/lib/python3.10/site-packages:${PYTHONPATH} /usr/bin/python3 -W ignore:setup.py install is deprecated -W ignore:easy_install command is deprecated setup.py develop --editable --build-directory /home/bargavan/cyclus/build/carrier_emrac/build --no-deps symlink_data --force
