-- Found ament_cmake: 1.3.12 (/opt/ros/humble/share/ament_cmake/cmake)
-- Override CMake install command with custom implementation using symlinks instead of copying resources
-- Configuring done
-- Generating done
-- Build files have been written to: /home/bargavan/cyclus/build/cyclus_description
-- Install configuration: ""
-- Execute custom install script
-- Symlinking: /home/bargavan/cyclus/install/cyclus_description/share/cyclus_description/launch/__pycache__/emrac_body.launch.cpython-310.pyc
-- Symlinking: /home/bargavan/cyclus/install/cyclus_description/share/cyclus_description/launch/emrac_body.launch.py
-- Symlinking: /home/bargavan/cyclus/install/cyclus_description/share/cyclus_description/launch/gazebo.launch.py
-- Symlinking: /home/bargavan/cyclus/install/cyclus_description/share/cyclus_description/meshes/emrac/EMRAC Electro Mechanical Drive Pos 3.stl
-- Symlinking: /home/bargavan/cyclus/install/cyclus_description/share/cyclus_description/meshes/emrac/EMRAC Lift ACME Drv Shaft Motors Pos 1.stl
-- Symlinking: /home/bargavan/cyclus/install/cyclus_description/share/cyclus_description/meshes/emrac/EMRAC Lift ACME Drv Shaft Pos 1.stl
-- Symlinking: /home/bargavan/cyclus/install/cyclus_description/share/cyclus_description/meshes/emrac/EMRAC Lift Arms Drv Blks Dwn Pos 1.stl
-- Symlinking: /home/bargavan/cyclus/install/cyclus_description/share/cyclus_description/meshes/emrac/EMRAC Lift Arms Dwn Pos 1.stl
-- Symlinking: /home/bargavan/cyclus/install/cyclus_description/share/cyclus_description/meshes/emrac/EMRAC Lift Plate Dwn Pos 1.stl
-- Symlinking: /home/bargavan/cyclus/install/cyclus_description/share/cyclus_description/meshes/emrac/EMRAC Lift Support Blocks Bolts Pos 1.stl
-- Symlinking: /home/bargavan/cyclus/install/cyclus_description/share/cyclus_description/meshes/emrac/EMRAC Lift Support Blocks Pos 1.stl
-- Symlinking: /home/bargavan/cyclus/install/cyclus_description/share/cyclus_description/meshes/emrac/EMRAC Pos 1-2.stl
-- Symlinking: /home/bargavan/cyclus/install/cyclus_description/share/cyclus_description/meshes/stationary_structure_left.STL
-- Symlinking: /home/bargavan/cyclus/install/cyclus_description/share/cyclus_description/meshes/stationary_structure_right.STL
-- Symlinking: /home/bargavan/cyclus/install/cyclus_description/share/cyclus_description/urdf/cyclus_stationary_scene.urdf.xacro
-- Symlinking: /home/bargavan/cyclus/install/cyclus_description/share/cyclus_description/urdf/emrac_body.urdf.xacro
-- Symlinking: /home/bargavan/cyclus/install/cyclus_description/share/cyclus_description/worlds/cyclus_empty.world.sdf
-- Symlinking: /home/bargavan/cyclus/install/cyclus_description/share/ament_index/resource_index/package_run_dependencies/cyclus_description
-- Symlinking: /home/bargavan/cyclus/install/cyclus_description/share/ament_index/resource_index/parent_prefix_path/cyclus_description
-- Symlinking: /home/bargavan/cyclus/install/cyclus_description/share/cyclus_description/environment/ament_prefix_path.sh
-- Symlinking: /home/bargavan/cyclus/install/cyclus_description/share/cyclus_description/environment/ament_prefix_path.dsv
-- Symlinking: /home/bargavan/cyclus/install/cyclus_description/share/cyclus_description/environment/path.sh
-- Symlinking: /home/bargavan/cyclus/install/cyclus_description/share/cyclus_description/environment/path.dsv
-- Symlinking: /home/bargavan/cyclus/install/cyclus_description/share/cyclus_description/local_setup.bash
-- Symlinking: /home/bargavan/cyclus/install/cyclus_description/share/cyclus_description/local_setup.sh
-- Symlinking: /home/bargavan/cyclus/install/cyclus_description/share/cyclus_description/local_setup.zsh
-- Symlinking: /home/bargavan/cyclus/install/cyclus_description/share/cyclus_description/local_setup.dsv
-- Symlinking: /home/bargavan/cyclus/install/cyclus_description/share/cyclus_description/package.dsv
-- Symlinking: /home/bargavan/cyclus/install/cyclus_description/share/ament_index/resource_index/packages/cyclus_description
-- Symlinking: /home/bargavan/cyclus/install/cyclus_description/share/cyclus_description/cmake/cyclus_descriptionConfig.cmake
-- Symlinking: /home/bargavan/cyclus/install/cyclus_description/share/cyclus_description/cmake/cyclus_descriptionConfig-version.cmake
-- Symlinking: /home/bargavan/cyclus/install/cyclus_description/share/cyclus_description/package.xml
