[0.010s] Invoking command in '/home/bargavan/cyclus/build/cyclus_description': CMAKE_PREFIX_PATH=${CMAKE_PREFIX_PATH}:/opt/ros/humble /usr/bin/cmake /home/bargavan/cyclus/src/cyclus_description -DAMENT_CMAKE_SYMLINK_INSTALL=1 -DCMAKE_INSTALL_PREFIX=/home/bargavan/cyclus/install/cyclus_description
[0.023s] -- Found ament_cmake: 1.3.12 (/opt/ros/humble/share/ament_cmake/cmake)
[0.155s] -- Override CMake install command with custom implementation using symlinks instead of copying resources
[0.231s] -- Configuring done
[0.234s] -- Generating done
[0.235s] -- Build files have been written to: /home/bargavan/cyclus/build/cyclus_description
[0.237s] Invoked command in '/home/bargavan/cyclus/build/cyclus_description' returned '0': CMAKE_PREFIX_PATH=${CMAKE_PREFIX_PATH}:/opt/ros/humble /usr/bin/cmake /home/bargavan/cyclus/src/cyclus_description -DAMENT_CMAKE_SYMLINK_INSTALL=1 -DCMAKE_INSTALL_PREFIX=/home/bargavan/cyclus/install/cyclus_description
[0.240s] Invoking command in '/home/bargavan/cyclus/build/cyclus_description': CMAKE_PREFIX_PATH=${CMAKE_PREFIX_PATH}:/opt/ros/humble /usr/bin/cmake --build /home/bargavan/cyclus/build/cyclus_description -- -j8 -l8
[0.272s] Invoked command in '/home/bargavan/cyclus/build/cyclus_description' returned '0': CMAKE_PREFIX_PATH=${CMAKE_PREFIX_PATH}:/opt/ros/humble /usr/bin/cmake --build /home/bargavan/cyclus/build/cyclus_description -- -j8 -l8
[0.280s] Invoking command in '/home/bargavan/cyclus/build/cyclus_description': CMAKE_PREFIX_PATH=${CMAKE_PREFIX_PATH}:/opt/ros/humble /usr/bin/cmake --install /home/bargavan/cyclus/build/cyclus_description
[0.287s] -- Install configuration: ""
[0.287s] -- Execute custom install script
[0.287s] -- Symlinking: /home/bargavan/cyclus/install/cyclus_description/share/cyclus_description/launch/__pycache__/emrac_body.launch.cpython-310.pyc
[0.295s] -- Symlinking: /home/bargavan/cyclus/install/cyclus_description/share/cyclus_description/launch/emrac_body.launch.py
[0.303s] -- Symlinking: /home/bargavan/cyclus/install/cyclus_description/share/cyclus_description/launch/gazebo.launch.py
[0.312s] -- Symlinking: /home/bargavan/cyclus/install/cyclus_description/share/cyclus_description/meshes/emrac/EMRAC Electro Mechanical Drive Pos 3.stl
[0.322s] -- Symlinking: /home/bargavan/cyclus/install/cyclus_description/share/cyclus_description/meshes/emrac/EMRAC Lift ACME Drv Shaft Motors Pos 1.stl
[0.331s] -- Symlinking: /home/bargavan/cyclus/install/cyclus_description/share/cyclus_description/meshes/emrac/EMRAC Lift ACME Drv Shaft Pos 1.stl
[0.343s] -- Symlinking: /home/bargavan/cyclus/install/cyclus_description/share/cyclus_description/meshes/emrac/EMRAC Lift Arms Drv Blks Dwn Pos 1.stl
[0.351s] -- Symlinking: /home/bargavan/cyclus/install/cyclus_description/share/cyclus_description/meshes/emrac/EMRAC Lift Arms Dwn Pos 1.stl
[0.358s] -- Symlinking: /home/bargavan/cyclus/install/cyclus_description/share/cyclus_description/meshes/emrac/EMRAC Lift Plate Dwn Pos 1.stl
[0.367s] -- Symlinking: /home/bargavan/cyclus/install/cyclus_description/share/cyclus_description/meshes/emrac/EMRAC Lift Support Blocks Bolts Pos 1.stl
[0.380s] -- Symlinking: /home/bargavan/cyclus/install/cyclus_description/share/cyclus_description/meshes/emrac/EMRAC Lift Support Blocks Pos 1.stl
[0.390s] -- Symlinking: /home/bargavan/cyclus/install/cyclus_description/share/cyclus_description/meshes/emrac/EMRAC Pos 1-2.stl
[0.405s] -- Symlinking: /home/bargavan/cyclus/install/cyclus_description/share/cyclus_description/meshes/stationary_structure_left.STL
[0.418s] -- Symlinking: /home/bargavan/cyclus/install/cyclus_description/share/cyclus_description/meshes/stationary_structure_right.STL
[0.429s] -- Symlinking: /home/bargavan/cyclus/install/cyclus_description/share/cyclus_description/urdf/cyclus_stationary_scene.urdf.xacro
[0.438s] -- Symlinking: /home/bargavan/cyclus/install/cyclus_description/share/cyclus_description/urdf/emrac_body.urdf.xacro
[0.446s] -- Symlinking: /home/bargavan/cyclus/install/cyclus_description/share/cyclus_description/worlds/cyclus_empty.world.sdf
[0.456s] -- Symlinking: /home/bargavan/cyclus/install/cyclus_description/share/ament_index/resource_index/package_run_dependencies/cyclus_description
[0.464s] -- Symlinking: /home/bargavan/cyclus/install/cyclus_description/share/ament_index/resource_index/parent_prefix_path/cyclus_description
[0.472s] -- Symlinking: /home/bargavan/cyclus/install/cyclus_description/share/cyclus_description/environment/ament_prefix_path.sh
[0.480s] -- Symlinking: /home/bargavan/cyclus/install/cyclus_description/share/cyclus_description/environment/ament_prefix_path.dsv
[0.487s] -- Symlinking: /home/bargavan/cyclus/install/cyclus_description/share/cyclus_description/environment/path.sh
[0.494s] -- Symlinking: /home/bargavan/cyclus/install/cyclus_description/share/cyclus_description/environment/path.dsv
[0.502s] -- Symlinking: /home/bargavan/cyclus/install/cyclus_description/share/cyclus_description/local_setup.bash
[0.510s] -- Symlinking: /home/bargavan/cyclus/install/cyclus_description/share/cyclus_description/local_setup.sh
[0.518s] -- Symlinking: /home/bargavan/cyclus/install/cyclus_description/share/cyclus_description/local_setup.zsh
[0.525s] -- Symlinking: /home/bargavan/cyclus/install/cyclus_description/share/cyclus_description/local_setup.dsv
[0.533s] -- Symlinking: /home/bargavan/cyclus/install/cyclus_description/share/cyclus_description/package.dsv
[0.541s] -- Symlinking: /home/bargavan/cyclus/install/cyclus_description/share/ament_index/resource_index/packages/cyclus_description
[0.548s] -- Symlinking: /home/bargavan/cyclus/install/cyclus_description/share/cyclus_description/cmake/cyclus_descriptionConfig.cmake
[0.555s] -- Symlinking: /home/bargavan/cyclus/install/cyclus_description/share/cyclus_description/cmake/cyclus_descriptionConfig-version.cmake
[0.562s] -- Symlinking: /home/bargavan/cyclus/install/cyclus_description/share/cyclus_description/package.xml
[0.571s] Invoked command in '/home/bargavan/cyclus/build/cyclus_description' returned '0': CMAKE_PREFIX_PATH=${CMAKE_PREFIX_PATH}:/opt/ros/humble /usr/bin/cmake --install /home/bargavan/cyclus/build/cyclus_description
