[0.015s] Invoking command in '/home/bargavan/cyclus/build/cyclus_description': CMAKE_PREFIX_PATH=/opt/ros/humble /usr/bin/cmake /home/bargavan/cyclus/src/cyclus_description -DCMAKE_INSTALL_PREFIX=/home/bargavan/cyclus/install/cyclus_description
[0.138s] -- The C compiler identification is GNU 11.4.0
[0.222s] -- The CXX compiler identification is GNU 11.4.0
[0.235s] -- Detecting C compiler ABI info
[0.356s] -- Detecting C compiler ABI info - done
[0.364s] -- Check for working C compiler: /usr/bin/cc - skipped
[0.365s] -- Detecting C compile features
[0.366s] -- Detecting C compile features - done
[0.372s] -- Detecting CXX compiler ABI info
[0.493s] -- Detecting CXX compiler ABI info - done
[0.506s] -- Check for working CXX compiler: /usr/bin/c++ - skipped
[0.506s] -- Detecting CXX compile features
[0.507s] -- Detecting CXX compile features - done
[0.518s] -- Found ament_cmake: 1.3.12 (/opt/ros/humble/share/ament_cmake/cmake)
[0.782s] -- Found Python3: /usr/bin/python3 (found version "3.10.12") found components: Interpreter 
[1.054s] -- Configuring done
[1.058s] -- Generating done
[1.058s] -- Build files have been written to: /home/bargavan/cyclus/build/cyclus_description
[1.064s] Invoked command in '/home/bargavan/cyclus/build/cyclus_description' returned '0': CMAKE_PREFIX_PATH=/opt/ros/humble /usr/bin/cmake /home/bargavan/cyclus/src/cyclus_description -DCMAKE_INSTALL_PREFIX=/home/bargavan/cyclus/install/cyclus_description
[1.067s] Invoking command in '/home/bargavan/cyclus/build/cyclus_description': CMAKE_PREFIX_PATH=/opt/ros/humble /usr/bin/cmake --build /home/bargavan/cyclus/build/cyclus_description -- -j8 -l8
[1.123s] Invoked command in '/home/bargavan/cyclus/build/cyclus_description' returned '0': CMAKE_PREFIX_PATH=/opt/ros/humble /usr/bin/cmake --build /home/bargavan/cyclus/build/cyclus_description -- -j8 -l8
[1.138s] Invoking command in '/home/bargavan/cyclus/build/cyclus_description': CMAKE_PREFIX_PATH=/opt/ros/humble /usr/bin/cmake --install /home/bargavan/cyclus/build/cyclus_description
[1.152s] -- Install configuration: ""
[1.152s] -- Installing: /home/bargavan/cyclus/install/cyclus_description/share/cyclus_description/launch
[1.152s] -- Installing: /home/bargavan/cyclus/install/cyclus_description/share/cyclus_description/launch/gazebo.launch.py
[1.152s] -- Installing: /home/bargavan/cyclus/install/cyclus_description/share/cyclus_description/meshes
[1.152s] -- Installing: /home/bargavan/cyclus/install/cyclus_description/share/cyclus_description/meshes/stationary_structure_left.STL
[1.153s] -- Installing: /home/bargavan/cyclus/install/cyclus_description/share/cyclus_description/meshes/stationary_structure_right.STL
[1.154s] -- Installing: /home/bargavan/cyclus/install/cyclus_description/share/cyclus_description/urdf
[1.154s] -- Installing: /home/bargavan/cyclus/install/cyclus_description/share/cyclus_description/urdf/cyclus_stationary_scene.urdf.xacro
[1.154s] -- Installing: /home/bargavan/cyclus/install/cyclus_description/share/cyclus_description/worlds
[1.154s] -- Installing: /home/bargavan/cyclus/install/cyclus_description/share/cyclus_description/worlds/cyclus_empty.world.sdf
[1.155s] -- Installing: /home/bargavan/cyclus/install/cyclus_description/share/ament_index/resource_index/package_run_dependencies/cyclus_description
[1.155s] -- Installing: /home/bargavan/cyclus/install/cyclus_description/share/ament_index/resource_index/parent_prefix_path/cyclus_description
[1.156s] -- Installing: /home/bargavan/cyclus/install/cyclus_description/share/cyclus_description/environment/ament_prefix_path.sh
[1.156s] -- Installing: /home/bargavan/cyclus/install/cyclus_description/share/cyclus_description/environment/ament_prefix_path.dsv
[1.156s] -- Installing: /home/bargavan/cyclus/install/cyclus_description/share/cyclus_description/environment/path.sh
[1.156s] -- Installing: /home/bargavan/cyclus/install/cyclus_description/share/cyclus_description/environment/path.dsv
[1.156s] -- Installing: /home/bargavan/cyclus/install/cyclus_description/share/cyclus_description/local_setup.bash
[1.157s] -- Installing: /home/bargavan/cyclus/install/cyclus_description/share/cyclus_description/local_setup.sh
[1.157s] -- Installing: /home/bargavan/cyclus/install/cyclus_description/share/cyclus_description/local_setup.zsh
[1.157s] -- Installing: /home/bargavan/cyclus/install/cyclus_description/share/cyclus_description/local_setup.dsv
[1.157s] -- Installing: /home/bargavan/cyclus/install/cyclus_description/share/cyclus_description/package.dsv
[1.158s] -- Installing: /home/bargavan/cyclus/install/cyclus_description/share/ament_index/resource_index/packages/cyclus_description
[1.158s] -- Installing: /home/bargavan/cyclus/install/cyclus_description/share/cyclus_description/cmake/cyclus_descriptionConfig.cmake
[1.158s] -- Installing: /home/bargavan/cyclus/install/cyclus_description/share/cyclus_description/cmake/cyclus_descriptionConfig-version.cmake
[1.158s] -- Installing: /home/bargavan/cyclus/install/cyclus_description/share/cyclus_description/package.xml
[1.166s] Invoked command in '/home/bargavan/cyclus/build/cyclus_description' returned '0': CMAKE_PREFIX_PATH=/opt/ros/humble /usr/bin/cmake --install /home/bargavan/cyclus/build/cyclus_description
