[0.316s] Invoking command in '/home/bargavan/cyclus/build/cyclus_description': CMAKE_PREFIX_PATH=${CMAKE_PREFIX_PATH}:/home/bargavan/cyclus/install/carrier_emrac:/opt/ros/humble /usr/bin/cmake /home/bargavan/cyclus/src/cyclus_description -DCMAKE_INSTALL_PREFIX=/home/bargavan/cyclus/install/cyclus_description
[0.372s] -- Found ament_cmake: 1.3.12 (/opt/ros/humble/share/ament_cmake/cmake)
[0.507s] -- Override CMake install command with custom implementation using symlinks instead of copying resources
[0.596s] -- Configuring done
[0.601s] -- Generating done
[0.603s] -- Build files have been written to: /home/bargavan/cyclus/build/cyclus_description
[0.608s] Invoked command in '/home/bargavan/cyclus/build/cyclus_description' returned '0': CMAKE_PREFIX_PATH=${CMAKE_PREFIX_PATH}:/home/bargavan/cyclus/install/carrier_emrac:/opt/ros/humble /usr/bin/cmake /home/bargavan/cyclus/src/cyclus_description -DCMAKE_INSTALL_PREFIX=/home/bargavan/cyclus/install/cyclus_description
[0.609s] Invoking command in '/home/bargavan/cyclus/build/cyclus_description': CMAKE_PREFIX_PATH=${CMAKE_PREFIX_PATH}:/home/bargavan/cyclus/install/carrier_emrac:/opt/ros/humble /usr/bin/cmake --build /home/bargavan/cyclus/build/cyclus_description -- -j8 -l8
[0.649s] Invoked command in '/home/bargavan/cyclus/build/cyclus_description' returned '0': CMAKE_PREFIX_PATH=${CMAKE_PREFIX_PATH}:/home/bargavan/cyclus/install/carrier_emrac:/opt/ros/humble /usr/bin/cmake --build /home/bargavan/cyclus/build/cyclus_description -- -j8 -l8
[0.659s] Invoking command in '/home/bargavan/cyclus/build/cyclus_description': CMAKE_PREFIX_PATH=${CMAKE_PREFIX_PATH}:/home/bargavan/cyclus/install/carrier_emrac:/opt/ros/humble /usr/bin/cmake --install /home/bargavan/cyclus/build/cyclus_description
[0.667s] -- Install configuration: ""
[0.667s] -- Execute custom install script
[0.669s] -- Up-to-date symlink: /home/bargavan/cyclus/install/cyclus_description/share/cyclus_description/config/cyclus_integrated_controllers.yaml
[0.669s] -- Up-to-date symlink: /home/bargavan/cyclus/install/cyclus_description/share/cyclus_description/config/emrac_arm_controllers.yaml
[0.670s] -- Symlinking: /home/bargavan/cyclus/install/cyclus_description/share/cyclus_description/launch/__pycache__/cyclus_integrated.launch.cpython-310.pyc
[0.679s] -- Up-to-date symlink: /home/bargavan/cyclus/install/cyclus_description/share/cyclus_description/launch/__pycache__/emrac_body.launch.cpython-310.pyc
[0.679s] -- Up-to-date symlink: /home/bargavan/cyclus/install/cyclus_description/share/cyclus_description/launch/cyclus_integrated.launch.py
[0.679s] -- Up-to-date symlink: /home/bargavan/cyclus/install/cyclus_description/share/cyclus_description/launch/emrac_body.launch.py
[0.679s] -- Up-to-date symlink: /home/bargavan/cyclus/install/cyclus_description/share/cyclus_description/launch/gazebo.launch.py
[0.681s] -- Up-to-date symlink: /home/bargavan/cyclus/install/cyclus_description/share/cyclus_description/meshes/emrac/EMRAC Electro Mechanical Drive Pos 3.stl
[0.681s] -- Up-to-date symlink: /home/bargavan/cyclus/install/cyclus_description/share/cyclus_description/meshes/emrac/EMRAC Lift ACME Drv Shaft Motors Pos 1.stl
[0.681s] -- Up-to-date symlink: /home/bargavan/cyclus/install/cyclus_description/share/cyclus_description/meshes/emrac/EMRAC Lift ACME Drv Shaft Pos 1.stl
[0.681s] -- Up-to-date symlink: /home/bargavan/cyclus/install/cyclus_description/share/cyclus_description/meshes/emrac/EMRAC Lift Arms Drv Blks Dwn Pos 1.stl
[0.681s] -- Up-to-date symlink: /home/bargavan/cyclus/install/cyclus_description/share/cyclus_description/meshes/emrac/EMRAC Lift Arms Dwn Pos 1.stl
[0.682s] -- Up-to-date symlink: /home/bargavan/cyclus/install/cyclus_description/share/cyclus_description/meshes/emrac/EMRAC Lift Plate Dwn Pos 1.stl
[0.682s] -- Up-to-date symlink: /home/bargavan/cyclus/install/cyclus_description/share/cyclus_description/meshes/emrac/EMRAC Lift Support Blocks Bolts Pos 1.stl
[0.682s] -- Up-to-date symlink: /home/bargavan/cyclus/install/cyclus_description/share/cyclus_description/meshes/emrac/EMRAC Lift Support Blocks Pos 1.stl
[0.683s] -- Up-to-date symlink: /home/bargavan/cyclus/install/cyclus_description/share/cyclus_description/meshes/emrac/EMRAC Pos 1-2.stl
[0.683s] -- Up-to-date symlink: /home/bargavan/cyclus/install/cyclus_description/share/cyclus_description/meshes/ground_rails.STL
[0.684s] -- Up-to-date symlink: /home/bargavan/cyclus/install/cyclus_description/share/cyclus_description/meshes/stationary_structure_left.STL
[0.684s] -- Up-to-date symlink: /home/bargavan/cyclus/install/cyclus_description/share/cyclus_description/meshes/stationary_structure_right.STL
[0.685s] -- Up-to-date symlink: /home/bargavan/cyclus/install/cyclus_description/share/cyclus_description/urdf/cyclus_integrated_system.urdf.xacro
[0.685s] -- Up-to-date symlink: /home/bargavan/cyclus/install/cyclus_description/share/cyclus_description/urdf/cyclus_stationary_scene.urdf.xacro
[0.686s] -- Up-to-date symlink: /home/bargavan/cyclus/install/cyclus_description/share/cyclus_description/urdf/emrac_body.urdf
[0.686s] -- Up-to-date symlink: /home/bargavan/cyclus/install/cyclus_description/share/cyclus_description/urdf/emrac_body.urdf.xacro
[0.686s] -- Symlinking: /home/bargavan/cyclus/install/cyclus_description/share/cyclus_description/urdf/emrac_body_macro.xacro
[0.696s] -- Up-to-date symlink: /home/bargavan/cyclus/install/cyclus_description/share/cyclus_description/worlds/cyclus_empty.world.sdf
[0.696s] -- Up-to-date symlink: /home/bargavan/cyclus/install/cyclus_description/lib/cyclus_description/arm_deg_cmd_bridge.py
[0.696s] -- Up-to-date symlink: /home/bargavan/cyclus/install/cyclus_description/lib/cyclus_description/emrac_planar_cmd_bridge.py
[0.696s] -- Symlinking: /home/bargavan/cyclus/install/cyclus_description/lib/cyclus_description/emrac_sequence_planner.py
[0.706s] -- Up-to-date symlink: /home/bargavan/cyclus/install/cyclus_description/share/ament_index/resource_index/package_run_dependencies/cyclus_description
[0.706s] -- Up-to-date symlink: /home/bargavan/cyclus/install/cyclus_description/share/ament_index/resource_index/parent_prefix_path/cyclus_description
[0.707s] -- Up-to-date symlink: /home/bargavan/cyclus/install/cyclus_description/share/cyclus_description/environment/ament_prefix_path.sh
[0.707s] -- Up-to-date symlink: /home/bargavan/cyclus/install/cyclus_description/share/cyclus_description/environment/ament_prefix_path.dsv
[0.707s] -- Up-to-date symlink: /home/bargavan/cyclus/install/cyclus_description/share/cyclus_description/environment/path.sh
[0.707s] -- Up-to-date symlink: /home/bargavan/cyclus/install/cyclus_description/share/cyclus_description/environment/path.dsv
[0.708s] -- Up-to-date symlink: /home/bargavan/cyclus/install/cyclus_description/share/cyclus_description/local_setup.bash
[0.708s] -- Up-to-date symlink: /home/bargavan/cyclus/install/cyclus_description/share/cyclus_description/local_setup.sh
[0.708s] -- Up-to-date symlink: /home/bargavan/cyclus/install/cyclus_description/share/cyclus_description/local_setup.zsh
[0.708s] -- Up-to-date symlink: /home/bargavan/cyclus/install/cyclus_description/share/cyclus_description/local_setup.dsv
[0.709s] -- Symlinking: /home/bargavan/cyclus/install/cyclus_description/share/cyclus_description/package.dsv
[0.718s] -- Up-to-date symlink: /home/bargavan/cyclus/install/cyclus_description/share/ament_index/resource_index/packages/cyclus_description
[0.719s] -- Up-to-date symlink: /home/bargavan/cyclus/install/cyclus_description/share/cyclus_description/cmake/cyclus_descriptionConfig.cmake
[0.719s] -- Up-to-date symlink: /home/bargavan/cyclus/install/cyclus_description/share/cyclus_description/cmake/cyclus_descriptionConfig-version.cmake
[0.719s] -- Up-to-date symlink: /home/bargavan/cyclus/install/cyclus_description/share/cyclus_description/package.xml
[0.721s] Invoked command in '/home/bargavan/cyclus/build/cyclus_description' returned '0': CMAKE_PREFIX_PATH=${CMAKE_PREFIX_PATH}:/home/bargavan/cyclus/install/carrier_emrac:/opt/ros/humble /usr/bin/cmake --install /home/bargavan/cyclus/build/cyclus_description
