[0.012s] Invoking command in '/home/bargavan/cyclus/build/cyclus_description': CMAKE_PREFIX_PATH=${CMAKE_PREFIX_PATH}:/opt/ros/humble /usr/bin/cmake /home/bargavan/cyclus/src/cyclus_description -DCMAKE_INSTALL_PREFIX=/home/bargavan/cyclus/install/cyclus_description
[0.024s] -- Found ament_cmake: 1.3.12 (/opt/ros/humble/share/ament_cmake/cmake)
[0.131s] -- Override CMake install command with custom implementation using symlinks instead of copying resources
[0.193s] -- Configuring done
[0.196s] -- Generating done
[0.197s] -- Build files have been written to: /home/bargavan/cyclus/build/cyclus_description
[0.199s] Invoked command in '/home/bargavan/cyclus/build/cyclus_description' returned '0': CMAKE_PREFIX_PATH=${CMAKE_PREFIX_PATH}:/opt/ros/humble /usr/bin/cmake /home/bargavan/cyclus/src/cyclus_description -DCMAKE_INSTALL_PREFIX=/home/bargavan/cyclus/install/cyclus_description
[0.201s] Invoking command in '/home/bargavan/cyclus/build/cyclus_description': CMAKE_PREFIX_PATH=${CMAKE_PREFIX_PATH}:/opt/ros/humble /usr/bin/cmake --build /home/bargavan/cyclus/build/cyclus_description -- -j8 -l8
[0.232s] Invoked command in '/home/bargavan/cyclus/build/cyclus_description' returned '0': CMAKE_PREFIX_PATH=${CMAKE_PREFIX_PATH}:/opt/ros/humble /usr/bin/cmake --build /home/bargavan/cyclus/build/cyclus_description -- -j8 -l8
[0.240s] Invoking command in '/home/bargavan/cyclus/build/cyclus_description': CMAKE_PREFIX_PATH=${CMAKE_PREFIX_PATH}:/opt/ros/humble /usr/bin/cmake --install /home/bargavan/cyclus/build/cyclus_description
[0.247s] -- Install configuration: ""
[0.247s] -- Execute custom install script
[0.248s] -- Up-to-date symlink: /home/bargavan/cyclus/install/cyclus_description/share/cyclus_description/launch/__pycache__/emrac_body.launch.cpython-310.pyc
[0.248s] -- Up-to-date symlink: /home/bargavan/cyclus/install/cyclus_description/share/cyclus_description/launch/emrac_body.launch.py
[0.248s] -- Up-to-date symlink: /home/bargavan/cyclus/install/cyclus_description/share/cyclus_description/launch/gazebo.launch.py
[0.248s] -- Up-to-date symlink: /home/bargavan/cyclus/install/cyclus_description/share/cyclus_description/meshes/emrac/EMRAC Electro Mechanical Drive Pos 3.stl
[0.248s] -- Up-to-date symlink: /home/bargavan/cyclus/install/cyclus_description/share/cyclus_description/meshes/emrac/EMRAC Lift ACME Drv Shaft Motors Pos 1.stl
[0.248s] -- Up-to-date symlink: /home/bargavan/cyclus/install/cyclus_description/share/cyclus_description/meshes/emrac/EMRAC Lift ACME Drv Shaft Pos 1.stl
[0.248s] -- Up-to-date symlink: /home/bargavan/cyclus/install/cyclus_description/share/cyclus_description/meshes/emrac/EMRAC Lift Arms Drv Blks Dwn Pos 1.stl
[0.248s] -- Up-to-date symlink: /home/bargavan/cyclus/install/cyclus_description/share/cyclus_description/meshes/emrac/EMRAC Lift Arms Dwn Pos 1.stl
[0.249s] -- Up-to-date symlink: /home/bargavan/cyclus/install/cyclus_description/share/cyclus_description/meshes/emrac/EMRAC Lift Plate Dwn Pos 1.stl
[0.249s] -- Up-to-date symlink: /home/bargavan/cyclus/install/cyclus_description/share/cyclus_description/meshes/emrac/EMRAC Lift Support Blocks Bolts Pos 1.stl
[0.249s] -- Up-to-date symlink: /home/bargavan/cyclus/install/cyclus_description/share/cyclus_description/meshes/emrac/EMRAC Lift Support Blocks Pos 1.stl
[0.249s] -- Up-to-date symlink: /home/bargavan/cyclus/install/cyclus_description/share/cyclus_description/meshes/emrac/EMRAC Pos 1-2.stl
[0.249s] -- Up-to-date symlink: /home/bargavan/cyclus/install/cyclus_description/share/cyclus_description/meshes/stationary_structure_left.STL
[0.249s] -- Up-to-date symlink: /home/bargavan/cyclus/install/cyclus_description/share/cyclus_description/meshes/stationary_structure_right.STL
[0.249s] -- Up-to-date symlink: /home/bargavan/cyclus/install/cyclus_description/share/cyclus_description/urdf/cyclus_stationary_scene.urdf.xacro
[0.249s] -- Up-to-date symlink: /home/bargavan/cyclus/install/cyclus_description/share/cyclus_description/urdf/emrac_body.urdf.xacro
[0.249s] -- Up-to-date symlink: /home/bargavan/cyclus/install/cyclus_description/share/cyclus_description/worlds/cyclus_empty.world.sdf
[0.250s] -- Up-to-date symlink: /home/bargavan/cyclus/install/cyclus_description/share/ament_index/resource_index/package_run_dependencies/cyclus_description
[0.250s] -- Up-to-date symlink: /home/bargavan/cyclus/install/cyclus_description/share/ament_index/resource_index/parent_prefix_path/cyclus_description
[0.250s] -- Up-to-date symlink: /home/bargavan/cyclus/install/cyclus_description/share/cyclus_description/environment/ament_prefix_path.sh
[0.250s] -- Up-to-date symlink: /home/bargavan/cyclus/install/cyclus_description/share/cyclus_description/environment/ament_prefix_path.dsv
[0.250s] -- Up-to-date symlink: /home/bargavan/cyclus/install/cyclus_description/share/cyclus_description/environment/path.sh
[0.250s] -- Up-to-date symlink: /home/bargavan/cyclus/install/cyclus_description/share/cyclus_description/environment/path.dsv
[0.250s] -- Up-to-date symlink: /home/bargavan/cyclus/install/cyclus_description/share/cyclus_description/local_setup.bash
[0.251s] -- Up-to-date symlink: /home/bargavan/cyclus/install/cyclus_description/share/cyclus_description/local_setup.sh
[0.251s] -- Up-to-date symlink: /home/bargavan/cyclus/install/cyclus_description/share/cyclus_description/local_setup.zsh
[0.251s] -- Up-to-date symlink: /home/bargavan/cyclus/install/cyclus_description/share/cyclus_description/local_setup.dsv
[0.251s] -- Symlinking: /home/bargavan/cyclus/install/cyclus_description/share/cyclus_description/package.dsv
[0.259s] -- Up-to-date symlink: /home/bargavan/cyclus/install/cyclus_description/share/ament_index/resource_index/packages/cyclus_description
[0.259s] -- Up-to-date symlink: /home/bargavan/cyclus/install/cyclus_description/share/cyclus_description/cmake/cyclus_descriptionConfig.cmake
[0.259s] -- Up-to-date symlink: /home/bargavan/cyclus/install/cyclus_description/share/cyclus_description/cmake/cyclus_descriptionConfig-version.cmake
[0.259s] -- Up-to-date symlink: /home/bargavan/cyclus/install/cyclus_description/share/cyclus_description/package.xml
[0.261s] Invoked command in '/home/bargavan/cyclus/build/cyclus_description' returned '0': CMAKE_PREFIX_PATH=${CMAKE_PREFIX_PATH}:/opt/ros/humble /usr/bin/cmake --install /home/bargavan/cyclus/build/cyclus_description
