[0.010s] Invoking command in '/home/bargavan/cyclus/build/cyclus_description': CMAKE_PREFIX_PATH=${CMAKE_PREFIX_PATH}:/opt/ros/humble /usr/bin/cmake --build /home/bargavan/cyclus/build/cyclus_description -- -j8 -l8
[0.056s] Invoked command in '/home/bargavan/cyclus/build/cyclus_description' returned '0': CMAKE_PREFIX_PATH=${CMAKE_PREFIX_PATH}:/opt/ros/humble /usr/bin/cmake --build /home/bargavan/cyclus/build/cyclus_description -- -j8 -l8
[0.067s] Invoking command in '/home/bargavan/cyclus/build/cyclus_description': CMAKE_PREFIX_PATH=${CMAKE_PREFIX_PATH}:/opt/ros/humble /usr/bin/cmake --install /home/bargavan/cyclus/build/cyclus_description
[0.078s] -- Install configuration: ""
[0.078s] -- Up-to-date: /home/bargavan/cyclus/install/cyclus_description/share/cyclus_description/launch
[0.079s] -- Up-to-date: /home/bargavan/cyclus/install/cyclus_description/share/cyclus_description/launch/emrac_body.launch.py
[0.079s] -- Up-to-date: /home/bargavan/cyclus/install/cyclus_description/share/cyclus_description/launch/__pycache__
[0.079s] -- Installing: /home/bargavan/cyclus/install/cyclus_description/share/cyclus_description/launch/__pycache__/emrac_body.launch.cpython-310.pyc
[0.079s] -- Up-to-date: /home/bargavan/cyclus/install/cyclus_description/share/cyclus_description/launch/gazebo.launch.py
[0.079s] -- Up-to-date: /home/bargavan/cyclus/install/cyclus_description/share/cyclus_description/meshes
[0.079s] -- Up-to-date: /home/bargavan/cyclus/install/cyclus_description/share/cyclus_description/meshes/stationary_structure_left.STL
[0.079s] -- Up-to-date: /home/bargavan/cyclus/install/cyclus_description/share/cyclus_description/meshes/emrac
[0.080s] -- Up-to-date: /home/bargavan/cyclus/install/cyclus_description/share/cyclus_description/meshes/emrac/EMRAC Lift Arms Drv Blks Dwn Pos 1.stl
[0.080s] -- Up-to-date: /home/bargavan/cyclus/install/cyclus_description/share/cyclus_description/meshes/emrac/EMRAC Electro Mechanical Drive Pos 3.stl
[0.080s] -- Up-to-date: /home/bargavan/cyclus/install/cyclus_description/share/cyclus_description/meshes/emrac/EMRAC Pos 1-2.stl
[0.080s] -- Up-to-date: /home/bargavan/cyclus/install/cyclus_description/share/cyclus_description/meshes/emrac/EMRAC Lift Support Blocks Pos 1.stl
[0.080s] -- Up-to-date: /home/bargavan/cyclus/install/cyclus_description/share/cyclus_description/meshes/emrac/EMRAC Lift Support Blocks Bolts Pos 1.stl
[0.080s] -- Up-to-date: /home/bargavan/cyclus/install/cyclus_description/share/cyclus_description/meshes/emrac/EMRAC Lift Plate Dwn Pos 1.stl
[0.080s] -- Up-to-date: /home/bargavan/cyclus/install/cyclus_description/share/cyclus_description/meshes/emrac/EMRAC Lift Arms Dwn Pos 1.stl
[0.080s] -- Up-to-date: /home/bargavan/cyclus/install/cyclus_description/share/cyclus_description/meshes/emrac/EMRAC Lift ACME Drv Shaft Pos 1.stl
[0.080s] -- Up-to-date: /home/bargavan/cyclus/install/cyclus_description/share/cyclus_description/meshes/emrac/EMRAC Lift ACME Drv Shaft Motors Pos 1.stl
[0.081s] -- Up-to-date: /home/bargavan/cyclus/install/cyclus_description/share/cyclus_description/meshes/stationary_structure_right.STL
[0.081s] -- Up-to-date: /home/bargavan/cyclus/install/cyclus_description/share/cyclus_description/urdf
[0.081s] -- Up-to-date: /home/bargavan/cyclus/install/cyclus_description/share/cyclus_description/urdf/cyclus_stationary_scene.urdf.xacro
[0.081s] -- Installing: /home/bargavan/cyclus/install/cyclus_description/share/cyclus_description/urdf/emrac_body.urdf.xacro
[0.081s] -- Up-to-date: /home/bargavan/cyclus/install/cyclus_description/share/cyclus_description/worlds
[0.081s] -- Up-to-date: /home/bargavan/cyclus/install/cyclus_description/share/cyclus_description/worlds/cyclus_empty.world.sdf
[0.081s] -- Up-to-date: /home/bargavan/cyclus/install/cyclus_description/share/ament_index/resource_index/package_run_dependencies/cyclus_description
[0.081s] -- Up-to-date: /home/bargavan/cyclus/install/cyclus_description/share/ament_index/resource_index/parent_prefix_path/cyclus_description
[0.081s] -- Up-to-date: /home/bargavan/cyclus/install/cyclus_description/share/cyclus_description/environment/ament_prefix_path.sh
[0.081s] -- Up-to-date: /home/bargavan/cyclus/install/cyclus_description/share/cyclus_description/environment/ament_prefix_path.dsv
[0.081s] -- Up-to-date: /home/bargavan/cyclus/install/cyclus_description/share/cyclus_description/environment/path.sh
[0.081s] -- Up-to-date: /home/bargavan/cyclus/install/cyclus_description/share/cyclus_description/environment/path.dsv
[0.082s] -- Up-to-date: /home/bargavan/cyclus/install/cyclus_description/share/cyclus_description/local_setup.bash
[0.082s] -- Up-to-date: /home/bargavan/cyclus/install/cyclus_description/share/cyclus_description/local_setup.sh
[0.082s] -- Up-to-date: /home/bargavan/cyclus/install/cyclus_description/share/cyclus_description/local_setup.zsh
[0.082s] -- Up-to-date: /home/bargavan/cyclus/install/cyclus_description/share/cyclus_description/local_setup.dsv
[0.082s] -- Installing: /home/bargavan/cyclus/install/cyclus_description/share/cyclus_description/package.dsv
[0.082s] -- Up-to-date: /home/bargavan/cyclus/install/cyclus_description/share/ament_index/resource_index/packages/cyclus_description
[0.082s] -- Up-to-date: /home/bargavan/cyclus/install/cyclus_description/share/cyclus_description/cmake/cyclus_descriptionConfig.cmake
[0.082s] -- Up-to-date: /home/bargavan/cyclus/install/cyclus_description/share/cyclus_description/cmake/cyclus_descriptionConfig-version.cmake
[0.082s] -- Up-to-date: /home/bargavan/cyclus/install/cyclus_description/share/cyclus_description/package.xml
[0.083s] Invoked command in '/home/bargavan/cyclus/build/cyclus_description' returned '0': CMAKE_PREFIX_PATH=${CMAKE_PREFIX_PATH}:/opt/ros/humble /usr/bin/cmake --install /home/bargavan/cyclus/build/cyclus_description
