[0.298s] DEBUG:colcon:Command line arguments: ['/usr/bin/colcon', 'build']
[0.298s] DEBUG:colcon:Parsed command line arguments: Namespace(log_base=None, log_level=None, verb_name='build', build_base='build', install_base='install', merge_install=False, symlink_install=False, test_result_base=None, continue_on_error=False, executor='parallel', parallel_workers=8, event_handlers=None, ignore_user_meta=False, metas=['./colcon.meta'], base_paths=['.'], packages_ignore=None, packages_ignore_regex=None, paths=None, packages_up_to=None, packages_up_to_regex=None, packages_above=None, packages_above_and_dependencies=None, packages_above_depth=None, packages_select_by_dep=None, packages_skip_by_dep=None, packages_skip_up_to=None, packages_select_build_failed=False, packages_skip_build_finished=False, packages_select_test_failures=False, packages_skip_test_passed=False, packages_select=None, packages_skip=None, packages_select_regex=None, packages_skip_regex=None, packages_start=None, packages_end=None, allow_overriding=[], cmake_args=None, cmake_target=None, cmake_target_skip_unavailable=False, cmake_clean_cache=False, cmake_clean_first=False, cmake_force_configure=False, ament_cmake_args=None, catkin_cmake_args=None, catkin_skip_building_tests=False, mixin_files=None, mixin=None, verb_parser=<colcon_mixin.mixin.mixin_argument.MixinArgumentDecorator object at 0x79880417f7c0>, verb_extension=<colcon_core.verb.build.BuildVerb object at 0x79880417f220>, main=<bound method BuildVerb.main of <colcon_core.verb.build.BuildVerb object at 0x79880417f220>>, mixin_verb=('build',))
[0.593s] Level 1:colcon.colcon_core.package_discovery:discover_packages(colcon_meta) check parameters
[0.593s] Level 1:colcon.colcon_core.package_discovery:discover_packages(recursive) check parameters
[0.593s] Level 1:colcon.colcon_core.package_discovery:discover_packages(ignore) check parameters
[0.593s] Level 1:colcon.colcon_core.package_discovery:discover_packages(path) check parameters
[0.593s] Level 1:colcon.colcon_core.package_discovery:discover_packages(colcon_meta) discover
[0.593s] Level 1:colcon.colcon_core.package_discovery:discover_packages(recursive) discover
[0.593s] INFO:colcon.colcon_core.package_discovery:Crawling recursively for packages in '/home/bargavan/cyclus'
[0.593s] Level 1:colcon.colcon_core.package_identification:_identify(.) by extensions ['ignore', 'ignore_ament_install']
[0.593s] Level 1:colcon.colcon_core.package_identification:_identify(.) by extension 'ignore'
[0.593s] Level 1:colcon.colcon_core.package_identification:_identify(.) by extension 'ignore_ament_install'
[0.593s] Level 1:colcon.colcon_core.package_identification:_identify(.) by extensions ['colcon_pkg']
[0.593s] Level 1:colcon.colcon_core.package_identification:_identify(.) by extension 'colcon_pkg'
[0.593s] Level 1:colcon.colcon_core.package_identification:_identify(.) by extensions ['colcon_meta']
[0.593s] Level 1:colcon.colcon_core.package_identification:_identify(.) by extension 'colcon_meta'
[0.593s] Level 1:colcon.colcon_core.package_identification:_identify(.) by extensions ['ros']
[0.593s] Level 1:colcon.colcon_core.package_identification:_identify(.) by extension 'ros'
[0.618s] Level 1:colcon.colcon_core.package_identification:_identify(.) by extensions ['cmake', 'python']
[0.618s] Level 1:colcon.colcon_core.package_identification:_identify(.) by extension 'cmake'
[0.618s] Level 1:colcon.colcon_core.package_identification:_identify(.) by extension 'python'
[0.618s] Level 1:colcon.colcon_core.package_identification:_identify(.) by extensions ['python_setup_py']
[0.618s] Level 1:colcon.colcon_core.package_identification:_identify(.) by extension 'python_setup_py'
[0.618s] Level 1:colcon.colcon_core.package_identification:_identify(build) by extensions ['ignore', 'ignore_ament_install']
[0.618s] Level 1:colcon.colcon_core.package_identification:_identify(build) by extension 'ignore'
[0.618s] Level 1:colcon.colcon_core.package_identification:_identify(build) ignored
[0.618s] Level 1:colcon.colcon_core.package_identification:_identify(install) by extensions ['ignore', 'ignore_ament_install']
[0.618s] Level 1:colcon.colcon_core.package_identification:_identify(install) by extension 'ignore'
[0.618s] Level 1:colcon.colcon_core.package_identification:_identify(install) ignored
[0.619s] Level 1:colcon.colcon_core.package_identification:_identify(log) by extensions ['ignore', 'ignore_ament_install']
[0.619s] Level 1:colcon.colcon_core.package_identification:_identify(log) by extension 'ignore'
[0.619s] Level 1:colcon.colcon_core.package_identification:_identify(log) ignored
[0.619s] Level 1:colcon.colcon_core.package_identification:_identify(src) by extensions ['ignore', 'ignore_ament_install']
[0.619s] Level 1:colcon.colcon_core.package_identification:_identify(src) by extension 'ignore'
[0.619s] Level 1:colcon.colcon_core.package_identification:_identify(src) by extension 'ignore_ament_install'
[0.619s] Level 1:colcon.colcon_core.package_identification:_identify(src) by extensions ['colcon_pkg']
[0.619s] Level 1:colcon.colcon_core.package_identification:_identify(src) by extension 'colcon_pkg'
[0.619s] Level 1:colcon.colcon_core.package_identification:_identify(src) by extensions ['colcon_meta']
[0.619s] Level 1:colcon.colcon_core.package_identification:_identify(src) by extension 'colcon_meta'
[0.619s] Level 1:colcon.colcon_core.package_identification:_identify(src) by extensions ['ros']
[0.619s] Level 1:colcon.colcon_core.package_identification:_identify(src) by extension 'ros'
[0.619s] Level 1:colcon.colcon_core.package_identification:_identify(src) by extensions ['cmake', 'python']
[0.619s] Level 1:colcon.colcon_core.package_identification:_identify(src) by extension 'cmake'
[0.619s] Level 1:colcon.colcon_core.package_identification:_identify(src) by extension 'python'
[0.619s] Level 1:colcon.colcon_core.package_identification:_identify(src) by extensions ['python_setup_py']
[0.619s] Level 1:colcon.colcon_core.package_identification:_identify(src) by extension 'python_setup_py'
[0.620s] Level 1:colcon.colcon_core.package_identification:_identify(src/carrier_emrac) by extensions ['ignore', 'ignore_ament_install']
[0.620s] Level 1:colcon.colcon_core.package_identification:_identify(src/carrier_emrac) by extension 'ignore'
[0.620s] Level 1:colcon.colcon_core.package_identification:_identify(src/carrier_emrac) by extension 'ignore_ament_install'
[0.620s] Level 1:colcon.colcon_core.package_identification:_identify(src/carrier_emrac) by extensions ['colcon_pkg']
[0.620s] Level 1:colcon.colcon_core.package_identification:_identify(src/carrier_emrac) by extension 'colcon_pkg'
[0.620s] Level 1:colcon.colcon_core.package_identification:_identify(src/carrier_emrac) by extensions ['colcon_meta']
[0.620s] Level 1:colcon.colcon_core.package_identification:_identify(src/carrier_emrac) by extension 'colcon_meta'
[0.620s] Level 1:colcon.colcon_core.package_identification:_identify(src/carrier_emrac) by extensions ['ros']
[0.620s] Level 1:colcon.colcon_core.package_identification:_identify(src/carrier_emrac) by extension 'ros'
[0.623s] DEBUG:colcon.colcon_core.package_identification:Package 'src/carrier_emrac' with type 'ros.ament_python' and name 'carrier_emrac'
[0.623s] Level 1:colcon.colcon_core.package_identification:_identify(src/cyclus_description) by extensions ['ignore', 'ignore_ament_install']
[0.624s] Level 1:colcon.colcon_core.package_identification:_identify(src/cyclus_description) by extension 'ignore'
[0.624s] Level 1:colcon.colcon_core.package_identification:_identify(src/cyclus_description) by extension 'ignore_ament_install'
[0.624s] Level 1:colcon.colcon_core.package_identification:_identify(src/cyclus_description) by extensions ['colcon_pkg']
[0.624s] Level 1:colcon.colcon_core.package_identification:_identify(src/cyclus_description) by extension 'colcon_pkg'
[0.624s] Level 1:colcon.colcon_core.package_identification:_identify(src/cyclus_description) by extensions ['colcon_meta']
[0.624s] Level 1:colcon.colcon_core.package_identification:_identify(src/cyclus_description) by extension 'colcon_meta'
[0.624s] Level 1:colcon.colcon_core.package_identification:_identify(src/cyclus_description) by extensions ['ros']
[0.624s] Level 1:colcon.colcon_core.package_identification:_identify(src/cyclus_description) by extension 'ros'
[0.626s] DEBUG:colcon.colcon_core.package_identification:Package 'src/cyclus_description' with type 'ros.ament_cmake' and name 'cyclus_description'
[0.626s] Level 1:colcon.colcon_core.package_discovery:discover_packages(recursive) using defaults
[0.626s] Level 1:colcon.colcon_core.package_discovery:discover_packages(ignore) discover
[0.626s] Level 1:colcon.colcon_core.package_discovery:discover_packages(ignore) using defaults
[0.626s] Level 1:colcon.colcon_core.package_discovery:discover_packages(path) discover
[0.626s] Level 1:colcon.colcon_core.package_discovery:discover_packages(path) using defaults
[0.655s] Level 1:colcon.colcon_core.package_discovery:discover_packages(prefix_path) check parameters
[0.655s] Level 1:colcon.colcon_core.package_discovery:discover_packages(prefix_path) discover
[0.658s] DEBUG:colcon.colcon_installed_package_information.package_discovery:Found 2 installed packages in /home/bargavan/cyclus/install
[0.661s] DEBUG:colcon.colcon_installed_package_information.package_discovery:Found 521 installed packages in /opt/ros/humble
[0.665s] Level 1:colcon.colcon_core.package_discovery:discover_packages(prefix_path) using defaults
[0.774s] Level 5:colcon.colcon_core.verb:set package 'carrier_emrac' build argument 'cmake_args' from command line to 'None'
[0.774s] Level 5:colcon.colcon_core.verb:set package 'carrier_emrac' build argument 'cmake_target' from command line to 'None'
[0.774s] Level 5:colcon.colcon_core.verb:set package 'carrier_emrac' build argument 'cmake_target_skip_unavailable' from command line to 'False'
[0.774s] Level 5:colcon.colcon_core.verb:set package 'carrier_emrac' build argument 'cmake_clean_cache' from command line to 'False'
[0.774s] Level 5:colcon.colcon_core.verb:set package 'carrier_emrac' build argument 'cmake_clean_first' from command line to 'False'
[0.774s] Level 5:colcon.colcon_core.verb:set package 'carrier_emrac' build argument 'cmake_force_configure' from command line to 'False'
[0.774s] Level 5:colcon.colcon_core.verb:set package 'carrier_emrac' build argument 'ament_cmake_args' from command line to 'None'
[0.774s] Level 5:colcon.colcon_core.verb:set package 'carrier_emrac' build argument 'catkin_cmake_args' from command line to 'None'
[0.774s] Level 5:colcon.colcon_core.verb:set package 'carrier_emrac' build argument 'catkin_skip_building_tests' from command line to 'False'
[0.774s] DEBUG:colcon.colcon_core.verb:Building package 'carrier_emrac' with the following arguments: {'ament_cmake_args': None, 'build_base': '/home/bargavan/cyclus/build/carrier_emrac', 'catkin_cmake_args': None, 'catkin_skip_building_tests': False, 'cmake_args': None, 'cmake_clean_cache': False, 'cmake_clean_first': False, 'cmake_force_configure': False, 'cmake_target': None, 'cmake_target_skip_unavailable': False, 'install_base': '/home/bargavan/cyclus/install/carrier_emrac', 'merge_install': False, 'path': '/home/bargavan/cyclus/src/carrier_emrac', 'symlink_install': False, 'test_result_base': None}
[0.775s] Level 5:colcon.colcon_core.verb:set package 'cyclus_description' build argument 'cmake_args' from command line to 'None'
[0.775s] Level 5:colcon.colcon_core.verb:set package 'cyclus_description' build argument 'cmake_target' from command line to 'None'
[0.775s] Level 5:colcon.colcon_core.verb:set package 'cyclus_description' build argument 'cmake_target_skip_unavailable' from command line to 'False'
[0.775s] Level 5:colcon.colcon_core.verb:set package 'cyclus_description' build argument 'cmake_clean_cache' from command line to 'False'
[0.775s] Level 5:colcon.colcon_core.verb:set package 'cyclus_description' build argument 'cmake_clean_first' from command line to 'False'
[0.775s] Level 5:colcon.colcon_core.verb:set package 'cyclus_description' build argument 'cmake_force_configure' from command line to 'False'
[0.775s] Level 5:colcon.colcon_core.verb:set package 'cyclus_description' build argument 'ament_cmake_args' from command line to 'None'
[0.775s] Level 5:colcon.colcon_core.verb:set package 'cyclus_description' build argument 'catkin_cmake_args' from command line to 'None'
[0.775s] Level 5:colcon.colcon_core.verb:set package 'cyclus_description' build argument 'catkin_skip_building_tests' from command line to 'False'
[0.775s] DEBUG:colcon.colcon_core.verb:Building package 'cyclus_description' with the following arguments: {'ament_cmake_args': None, 'build_base': '/home/bargavan/cyclus/build/cyclus_description', 'catkin_cmake_args': None, 'catkin_skip_building_tests': False, 'cmake_args': None, 'cmake_clean_cache': False, 'cmake_clean_first': False, 'cmake_force_configure': False, 'cmake_target': None, 'cmake_target_skip_unavailable': False, 'install_base': '/home/bargavan/cyclus/install/cyclus_description', 'merge_install': False, 'path': '/home/bargavan/cyclus/src/cyclus_description', 'symlink_install': False, 'test_result_base': None}
[0.775s] INFO:colcon.colcon_core.executor:Executing jobs using 'parallel' executor
[0.776s] DEBUG:colcon.colcon_parallel_executor.executor.parallel:run_until_complete
[0.776s] INFO:colcon.colcon_ros.task.ament_python.build:Building ROS package in '/home/bargavan/cyclus/src/carrier_emrac' with build type 'ament_python'
[0.776s] Level 1:colcon.colcon_core.shell:create_environment_hook('carrier_emrac', 'ament_prefix_path')
[0.780s] INFO:colcon.colcon_core.plugin_system:Skipping extension 'colcon_core.shell.bat': Not used on non-Windows systems
[0.780s] INFO:colcon.colcon_core.shell:Creating environment hook '/home/bargavan/cyclus/install/carrier_emrac/share/carrier_emrac/hook/ament_prefix_path.ps1'
[0.782s] INFO:colcon.colcon_core.shell:Creating environment descriptor '/home/bargavan/cyclus/install/carrier_emrac/share/carrier_emrac/hook/ament_prefix_path.dsv'
[0.782s] INFO:colcon.colcon_core.shell:Creating environment hook '/home/bargavan/cyclus/install/carrier_emrac/share/carrier_emrac/hook/ament_prefix_path.sh'
[0.783s] INFO:colcon.colcon_core.shell:Skip shell extension 'powershell' for command environment: Not usable outside of PowerShell
[0.783s] DEBUG:colcon.colcon_core.shell:Skip shell extension 'dsv' for command environment
[0.788s] INFO:colcon.colcon_ros.task.ament_cmake.build:Building ROS package in '/home/bargavan/cyclus/src/cyclus_description' with build type 'ament_cmake'
[0.788s] INFO:colcon.colcon_cmake.task.cmake.build:Building CMake package in '/home/bargavan/cyclus/src/cyclus_description'
[0.788s] INFO:colcon.colcon_core.shell:Skip shell extension 'powershell' for command environment: Not usable outside of PowerShell
[0.789s] DEBUG:colcon.colcon_core.shell:Skip shell extension 'dsv' for command environment
[1.096s] INFO:colcon.colcon_core.task.python.build:Building Python package in '/home/bargavan/cyclus/src/carrier_emrac'
[1.097s] INFO:colcon.colcon_core.shell:Skip shell extension 'powershell' for command environment: Not usable outside of PowerShell
[1.097s] DEBUG:colcon.colcon_core.shell:Skip shell extension 'dsv' for command environment
[1.105s] DEBUG:colcon.colcon_core.event_handler.log_command:Invoking command in '/home/bargavan/cyclus/build/cyclus_description': CMAKE_PREFIX_PATH=${CMAKE_PREFIX_PATH}:/home/bargavan/cyclus/install/carrier_emrac:/opt/ros/humble /usr/bin/cmake /home/bargavan/cyclus/src/cyclus_description -DCMAKE_INSTALL_PREFIX=/home/bargavan/cyclus/install/cyclus_description
[1.396s] DEBUG:colcon.colcon_core.event_handler.log_command:Invoked command in '/home/bargavan/cyclus/build/cyclus_description' returned '0': CMAKE_PREFIX_PATH=${CMAKE_PREFIX_PATH}:/home/bargavan/cyclus/install/carrier_emrac:/opt/ros/humble /usr/bin/cmake /home/bargavan/cyclus/src/cyclus_description -DCMAKE_INSTALL_PREFIX=/home/bargavan/cyclus/install/cyclus_description
[1.398s] DEBUG:colcon.colcon_core.event_handler.log_command:Invoking command in '/home/bargavan/cyclus/build/cyclus_description': CMAKE_PREFIX_PATH=${CMAKE_PREFIX_PATH}:/home/bargavan/cyclus/install/carrier_emrac:/opt/ros/humble /usr/bin/cmake --build /home/bargavan/cyclus/build/cyclus_description -- -j8 -l8
[1.437s] DEBUG:colcon.colcon_core.event_handler.log_command:Invoked command in '/home/bargavan/cyclus/build/cyclus_description' returned '0': CMAKE_PREFIX_PATH=${CMAKE_PREFIX_PATH}:/home/bargavan/cyclus/install/carrier_emrac:/opt/ros/humble /usr/bin/cmake --build /home/bargavan/cyclus/build/cyclus_description -- -j8 -l8
[1.448s] DEBUG:colcon.colcon_core.event_handler.log_command:Invoking command in '/home/bargavan/cyclus/build/cyclus_description': CMAKE_PREFIX_PATH=${CMAKE_PREFIX_PATH}:/home/bargavan/cyclus/install/carrier_emrac:/opt/ros/humble /usr/bin/cmake --install /home/bargavan/cyclus/build/cyclus_description
[1.510s] Level 1:colcon.colcon_core.environment:create_environment_scripts_only(cyclus_description)
[1.510s] DEBUG:colcon.colcon_core.event_handler.log_command:Invoked command in '/home/bargavan/cyclus/build/cyclus_description' returned '0': CMAKE_PREFIX_PATH=${CMAKE_PREFIX_PATH}:/home/bargavan/cyclus/install/carrier_emrac:/opt/ros/humble /usr/bin/cmake --install /home/bargavan/cyclus/build/cyclus_description
[1.516s] Level 1:colcon.colcon_core.environment:checking '/home/bargavan/cyclus/install/cyclus_description' for CMake module files
[1.516s] Level 1:colcon.colcon_core.environment:checking '/home/bargavan/cyclus/install/cyclus_description' for CMake config files
[1.517s] Level 1:colcon.colcon_core.shell:create_environment_hook('cyclus_description', 'cmake_prefix_path')
[1.517s] INFO:colcon.colcon_core.shell:Creating environment hook '/home/bargavan/cyclus/install/cyclus_description/share/cyclus_description/hook/cmake_prefix_path.ps1'
[1.518s] INFO:colcon.colcon_core.shell:Creating environment descriptor '/home/bargavan/cyclus/install/cyclus_description/share/cyclus_description/hook/cmake_prefix_path.dsv'
[1.519s] INFO:colcon.colcon_core.shell:Creating environment hook '/home/bargavan/cyclus/install/cyclus_description/share/cyclus_description/hook/cmake_prefix_path.sh'
[1.520s] Level 1:colcon.colcon_core.environment:checking '/home/bargavan/cyclus/install/cyclus_description/lib'
[1.520s] Level 1:colcon.colcon_core.environment:checking '/home/bargavan/cyclus/install/cyclus_description/bin'
[1.520s] Level 1:colcon.colcon_core.environment:checking '/home/bargavan/cyclus/install/cyclus_description/lib/pkgconfig/cyclus_description.pc'
[1.520s] Level 1:colcon.colcon_core.environment:checking '/home/bargavan/cyclus/install/cyclus_description/lib/python3.10/site-packages'
[1.520s] Level 1:colcon.colcon_core.environment:checking '/home/bargavan/cyclus/install/cyclus_description/bin'
[1.521s] INFO:colcon.colcon_core.shell:Creating package script '/home/bargavan/cyclus/install/cyclus_description/share/cyclus_description/package.ps1'
[1.522s] INFO:colcon.colcon_core.shell:Creating package descriptor '/home/bargavan/cyclus/install/cyclus_description/share/cyclus_description/package.dsv'
[1.523s] INFO:colcon.colcon_core.shell:Creating package script '/home/bargavan/cyclus/install/cyclus_description/share/cyclus_description/package.sh'
[1.524s] INFO:colcon.colcon_core.shell:Creating package script '/home/bargavan/cyclus/install/cyclus_description/share/cyclus_description/package.bash'
[1.525s] INFO:colcon.colcon_core.shell:Creating package script '/home/bargavan/cyclus/install/cyclus_description/share/cyclus_description/package.zsh'
[1.526s] Level 1:colcon.colcon_core.environment:create_file_with_runtime_dependencies(/home/bargavan/cyclus/install/cyclus_description/share/colcon-core/packages/cyclus_description)
[1.527s] Level 1:colcon.colcon_core.environment:create_environment_scripts_only(cyclus_description)
[1.527s] Level 1:colcon.colcon_core.environment:checking '/home/bargavan/cyclus/install/cyclus_description' for CMake module files
[1.528s] Level 1:colcon.colcon_core.environment:checking '/home/bargavan/cyclus/install/cyclus_description' for CMake config files
[1.528s] Level 1:colcon.colcon_core.shell:create_environment_hook('cyclus_description', 'cmake_prefix_path')
[1.528s] INFO:colcon.colcon_core.shell:Creating environment hook '/home/bargavan/cyclus/install/cyclus_description/share/cyclus_description/hook/cmake_prefix_path.ps1'
[1.529s] INFO:colcon.colcon_core.shell:Creating environment descriptor '/home/bargavan/cyclus/install/cyclus_description/share/cyclus_description/hook/cmake_prefix_path.dsv'
[1.529s] INFO:colcon.colcon_core.shell:Creating environment hook '/home/bargavan/cyclus/install/cyclus_description/share/cyclus_description/hook/cmake_prefix_path.sh'
[1.530s] Level 1:colcon.colcon_core.environment:checking '/home/bargavan/cyclus/install/cyclus_description/lib'
[1.530s] Level 1:colcon.colcon_core.environment:checking '/home/bargavan/cyclus/install/cyclus_description/bin'
[1.530s] Level 1:colcon.colcon_core.environment:checking '/home/bargavan/cyclus/install/cyclus_description/lib/pkgconfig/cyclus_description.pc'
[1.530s] Level 1:colcon.colcon_core.environment:checking '/home/bargavan/cyclus/install/cyclus_description/lib/python3.10/site-packages'
[1.531s] Level 1:colcon.colcon_core.environment:checking '/home/bargavan/cyclus/install/cyclus_description/bin'
[1.531s] INFO:colcon.colcon_core.shell:Creating package script '/home/bargavan/cyclus/install/cyclus_description/share/cyclus_description/package.ps1'
[1.532s] INFO:colcon.colcon_core.shell:Creating package descriptor '/home/bargavan/cyclus/install/cyclus_description/share/cyclus_description/package.dsv'
[1.532s] INFO:colcon.colcon_core.shell:Creating package script '/home/bargavan/cyclus/install/cyclus_description/share/cyclus_description/package.sh'
[1.533s] INFO:colcon.colcon_core.shell:Creating package script '/home/bargavan/cyclus/install/cyclus_description/share/cyclus_description/package.bash'
[1.533s] INFO:colcon.colcon_core.shell:Creating package script '/home/bargavan/cyclus/install/cyclus_description/share/cyclus_description/package.zsh'
[1.534s] Level 1:colcon.colcon_core.environment:create_file_with_runtime_dependencies(/home/bargavan/cyclus/install/cyclus_description/share/colcon-core/packages/cyclus_description)
[1.576s] DEBUG:colcon.colcon_core.event_handler.log_command:Invoking command in '/home/bargavan/cyclus/build/carrier_emrac': PYTHONPATH=/home/bargavan/cyclus/build/carrier_emrac/prefix_override:/usr/lib/python3/dist-packages/colcon_core/task/python/colcon_distutils_commands:/home/bargavan/cyclus/install/carrier_emrac/lib/python3.10/site-packages:${PYTHONPATH} /usr/bin/python3 -W ignore:setup.py install is deprecated -W ignore:easy_install command is deprecated setup.py develop --uninstall --editable --build-directory /home/bargavan/cyclus/build/carrier_emrac/build
[2.124s] DEBUG:colcon.colcon_core.event_handler.log_command:Invoked command in '/home/bargavan/cyclus/build/carrier_emrac' returned '0': PYTHONPATH=/home/bargavan/cyclus/build/carrier_emrac/prefix_override:/usr/lib/python3/dist-packages/colcon_core/task/python/colcon_distutils_commands:/home/bargavan/cyclus/install/carrier_emrac/lib/python3.10/site-packages:${PYTHONPATH} /usr/bin/python3 -W ignore:setup.py install is deprecated -W ignore:easy_install command is deprecated setup.py develop --uninstall --editable --build-directory /home/bargavan/cyclus/build/carrier_emrac/build
[2.125s] DEBUG:colcon.colcon_core.event_handler.log_command:Invoking command in '/home/bargavan/cyclus/src/carrier_emrac': PYTHONPATH=/home/bargavan/cyclus/build/carrier_emrac/prefix_override:/usr/lib/python3/dist-packages/colcon_core/task/python/colcon_distutils_commands:/home/bargavan/cyclus/install/carrier_emrac/lib/python3.10/site-packages:${PYTHONPATH} /usr/bin/python3 -W ignore:setup.py install is deprecated -W ignore:easy_install command is deprecated setup.py egg_info --egg-base ../../build/carrier_emrac build --build-base /home/bargavan/cyclus/build/carrier_emrac/build install --record /home/bargavan/cyclus/build/carrier_emrac/install.log --single-version-externally-managed install_data --force
[2.562s] Level 1:colcon.colcon_core.environment:checking '/home/bargavan/cyclus/install/carrier_emrac' for CMake module files
[2.563s] DEBUG:colcon.colcon_core.event_handler.log_command:Invoked command in '/home/bargavan/cyclus/src/carrier_emrac' returned '0': PYTHONPATH=/home/bargavan/cyclus/build/carrier_emrac/prefix_override:/usr/lib/python3/dist-packages/colcon_core/task/python/colcon_distutils_commands:/home/bargavan/cyclus/install/carrier_emrac/lib/python3.10/site-packages:${PYTHONPATH} /usr/bin/python3 -W ignore:setup.py install is deprecated -W ignore:easy_install command is deprecated setup.py egg_info --egg-base ../../build/carrier_emrac build --build-base /home/bargavan/cyclus/build/carrier_emrac/build install --record /home/bargavan/cyclus/build/carrier_emrac/install.log --single-version-externally-managed install_data --force
[2.564s] Level 1:colcon.colcon_core.environment:checking '/home/bargavan/cyclus/install/carrier_emrac' for CMake config files
[2.564s] Level 1:colcon.colcon_core.environment:checking '/home/bargavan/cyclus/install/carrier_emrac/lib'
[2.564s] Level 1:colcon.colcon_core.environment:checking '/home/bargavan/cyclus/install/carrier_emrac/bin'
[2.564s] Level 1:colcon.colcon_core.environment:checking '/home/bargavan/cyclus/install/carrier_emrac/lib/pkgconfig/carrier_emrac.pc'
[2.565s] Level 1:colcon.colcon_core.environment:checking '/home/bargavan/cyclus/install/carrier_emrac/lib/python3.10/site-packages'
[2.565s] Level 1:colcon.colcon_core.shell:create_environment_hook('carrier_emrac', 'pythonpath')
[2.565s] INFO:colcon.colcon_core.shell:Creating environment hook '/home/bargavan/cyclus/install/carrier_emrac/share/carrier_emrac/hook/pythonpath.ps1'
[2.565s] INFO:colcon.colcon_core.shell:Creating environment descriptor '/home/bargavan/cyclus/install/carrier_emrac/share/carrier_emrac/hook/pythonpath.dsv'
[2.566s] INFO:colcon.colcon_core.shell:Creating environment hook '/home/bargavan/cyclus/install/carrier_emrac/share/carrier_emrac/hook/pythonpath.sh'
[2.567s] Level 1:colcon.colcon_core.environment:checking '/home/bargavan/cyclus/install/carrier_emrac/bin'
[2.567s] Level 1:colcon.colcon_core.environment:create_environment_scripts_only(carrier_emrac)
[2.567s] INFO:colcon.colcon_core.shell:Creating package script '/home/bargavan/cyclus/install/carrier_emrac/share/carrier_emrac/package.ps1'
[2.567s] INFO:colcon.colcon_core.shell:Creating package descriptor '/home/bargavan/cyclus/install/carrier_emrac/share/carrier_emrac/package.dsv'
[2.568s] INFO:colcon.colcon_core.shell:Creating package script '/home/bargavan/cyclus/install/carrier_emrac/share/carrier_emrac/package.sh'
[2.568s] INFO:colcon.colcon_core.shell:Creating package script '/home/bargavan/cyclus/install/carrier_emrac/share/carrier_emrac/package.bash'
[2.569s] INFO:colcon.colcon_core.shell:Creating package script '/home/bargavan/cyclus/install/carrier_emrac/share/carrier_emrac/package.zsh'
[2.569s] Level 1:colcon.colcon_core.environment:create_file_with_runtime_dependencies(/home/bargavan/cyclus/install/carrier_emrac/share/colcon-core/packages/carrier_emrac)
[2.569s] DEBUG:colcon.colcon_parallel_executor.executor.parallel:closing loop
[2.570s] DEBUG:colcon.colcon_parallel_executor.executor.parallel:loop closed
[2.570s] DEBUG:colcon.colcon_parallel_executor.executor.parallel:run_until_complete finished with '0'
[2.570s] DEBUG:colcon.colcon_core.event_reactor:joining thread
[2.579s] INFO:colcon.colcon_core.plugin_system:Skipping extension 'colcon_notification.desktop_notification.terminal_notifier': Not used on non-Darwin systems
[2.579s] INFO:colcon.colcon_core.plugin_system:Skipping extension 'colcon_notification.desktop_notification.win32': Not used on non-Windows systems
[2.579s] INFO:colcon.colcon_notification.desktop_notification:Sending desktop notification using 'notify2'
[2.628s] DEBUG:colcon.colcon_core.event_reactor:joined thread
[2.628s] INFO:colcon.colcon_core.shell:Creating prefix script '/home/bargavan/cyclus/install/local_setup.ps1'
[2.629s] INFO:colcon.colcon_core.shell:Creating prefix util module '/home/bargavan/cyclus/install/_local_setup_util_ps1.py'
[2.631s] INFO:colcon.colcon_core.shell:Creating prefix chain script '/home/bargavan/cyclus/install/setup.ps1'
[2.632s] INFO:colcon.colcon_core.shell:Creating prefix script '/home/bargavan/cyclus/install/local_setup.sh'
[2.633s] INFO:colcon.colcon_core.shell:Creating prefix util module '/home/bargavan/cyclus/install/_local_setup_util_sh.py'
[2.633s] INFO:colcon.colcon_core.shell:Creating prefix chain script '/home/bargavan/cyclus/install/setup.sh'
[2.635s] INFO:colcon.colcon_core.shell:Creating prefix script '/home/bargavan/cyclus/install/local_setup.bash'
[2.636s] INFO:colcon.colcon_core.shell:Creating prefix chain script '/home/bargavan/cyclus/install/setup.bash'
[2.637s] INFO:colcon.colcon_core.shell:Creating prefix script '/home/bargavan/cyclus/install/local_setup.zsh'
[2.638s] INFO:colcon.colcon_core.shell:Creating prefix chain script '/home/bargavan/cyclus/install/setup.zsh'
