[0.271s] DEBUG:colcon:Command line arguments: ['/usr/bin/colcon', 'build']
[0.271s] DEBUG:colcon:Parsed command line arguments: Namespace(log_base=None, log_level=None, verb_name='build', build_base='build', install_base='install', merge_install=False, symlink_install=False, test_result_base=None, continue_on_error=False, executor='parallel', parallel_workers=8, event_handlers=None, ignore_user_meta=False, metas=['./colcon.meta'], base_paths=['.'], packages_ignore=None, packages_ignore_regex=None, paths=None, packages_up_to=None, packages_up_to_regex=None, packages_above=None, packages_above_and_dependencies=None, packages_above_depth=None, packages_select_by_dep=None, packages_skip_by_dep=None, packages_skip_up_to=None, packages_select_build_failed=False, packages_skip_build_finished=False, packages_select_test_failures=False, packages_skip_test_passed=False, packages_select=None, packages_skip=None, packages_select_regex=None, packages_skip_regex=None, packages_start=None, packages_end=None, allow_overriding=[], cmake_args=None, cmake_target=None, cmake_target_skip_unavailable=False, cmake_clean_cache=False, cmake_clean_first=False, cmake_force_configure=False, ament_cmake_args=None, catkin_cmake_args=None, catkin_skip_building_tests=False, mixin_files=None, mixin=None, verb_parser=<colcon_mixin.mixin.mixin_argument.MixinArgumentDecorator object at 0x720ff400f7f0>, verb_extension=<colcon_core.verb.build.BuildVerb object at 0x720ff400f250>, main=<bound method BuildVerb.main of <colcon_core.verb.build.BuildVerb object at 0x720ff400f250>>, mixin_verb=('build',))
[1.121s] Level 1:colcon.colcon_core.package_discovery:discover_packages(colcon_meta) check parameters
[1.121s] Level 1:colcon.colcon_core.package_discovery:discover_packages(recursive) check parameters
[1.121s] Level 1:colcon.colcon_core.package_discovery:discover_packages(ignore) check parameters
[1.121s] Level 1:colcon.colcon_core.package_discovery:discover_packages(path) check parameters
[1.121s] Level 1:colcon.colcon_core.package_discovery:discover_packages(colcon_meta) discover
[1.121s] Level 1:colcon.colcon_core.package_discovery:discover_packages(recursive) discover
[1.121s] INFO:colcon.colcon_core.package_discovery:Crawling recursively for packages in '/home/bargavan/cyclus'
[1.122s] Level 1:colcon.colcon_core.package_identification:_identify(.) by extensions ['ignore', 'ignore_ament_install']
[1.122s] Level 1:colcon.colcon_core.package_identification:_identify(.) by extension 'ignore'
[1.122s] Level 1:colcon.colcon_core.package_identification:_identify(.) by extension 'ignore_ament_install'
[1.122s] Level 1:colcon.colcon_core.package_identification:_identify(.) by extensions ['colcon_pkg']
[1.122s] Level 1:colcon.colcon_core.package_identification:_identify(.) by extension 'colcon_pkg'
[1.122s] Level 1:colcon.colcon_core.package_identification:_identify(.) by extensions ['colcon_meta']
[1.122s] Level 1:colcon.colcon_core.package_identification:_identify(.) by extension 'colcon_meta'
[1.122s] Level 1:colcon.colcon_core.package_identification:_identify(.) by extensions ['ros']
[1.122s] Level 1:colcon.colcon_core.package_identification:_identify(.) by extension 'ros'
[1.141s] Level 1:colcon.colcon_core.package_identification:_identify(.) by extensions ['cmake', 'python']
[1.141s] Level 1:colcon.colcon_core.package_identification:_identify(.) by extension 'cmake'
[1.142s] Level 1:colcon.colcon_core.package_identification:_identify(.) by extension 'python'
[1.142s] Level 1:colcon.colcon_core.package_identification:_identify(.) by extensions ['python_setup_py']
[1.142s] Level 1:colcon.colcon_core.package_identification:_identify(.) by extension 'python_setup_py'
[1.142s] Level 1:colcon.colcon_core.package_identification:_identify(build) by extensions ['ignore', 'ignore_ament_install']
[1.142s] Level 1:colcon.colcon_core.package_identification:_identify(build) by extension 'ignore'
[1.142s] Level 1:colcon.colcon_core.package_identification:_identify(build) ignored
[1.142s] Level 1:colcon.colcon_core.package_identification:_identify(install) by extensions ['ignore', 'ignore_ament_install']
[1.142s] Level 1:colcon.colcon_core.package_identification:_identify(install) by extension 'ignore'
[1.142s] Level 1:colcon.colcon_core.package_identification:_identify(install) ignored
[1.142s] Level 1:colcon.colcon_core.package_identification:_identify(log) by extensions ['ignore', 'ignore_ament_install']
[1.142s] Level 1:colcon.colcon_core.package_identification:_identify(log) by extension 'ignore'
[1.142s] Level 1:colcon.colcon_core.package_identification:_identify(log) ignored
[1.142s] Level 1:colcon.colcon_core.package_identification:_identify(src) by extensions ['ignore', 'ignore_ament_install']
[1.142s] Level 1:colcon.colcon_core.package_identification:_identify(src) by extension 'ignore'
[1.143s] Level 1:colcon.colcon_core.package_identification:_identify(src) by extension 'ignore_ament_install'
[1.143s] Level 1:colcon.colcon_core.package_identification:_identify(src) by extensions ['colcon_pkg']
[1.143s] Level 1:colcon.colcon_core.package_identification:_identify(src) by extension 'colcon_pkg'
[1.143s] Level 1:colcon.colcon_core.package_identification:_identify(src) by extensions ['colcon_meta']
[1.143s] Level 1:colcon.colcon_core.package_identification:_identify(src) by extension 'colcon_meta'
[1.143s] Level 1:colcon.colcon_core.package_identification:_identify(src) by extensions ['ros']
[1.143s] Level 1:colcon.colcon_core.package_identification:_identify(src) by extension 'ros'
[1.143s] Level 1:colcon.colcon_core.package_identification:_identify(src) by extensions ['cmake', 'python']
[1.143s] Level 1:colcon.colcon_core.package_identification:_identify(src) by extension 'cmake'
[1.143s] Level 1:colcon.colcon_core.package_identification:_identify(src) by extension 'python'
[1.143s] Level 1:colcon.colcon_core.package_identification:_identify(src) by extensions ['python_setup_py']
[1.143s] Level 1:colcon.colcon_core.package_identification:_identify(src) by extension 'python_setup_py'
[1.143s] Level 1:colcon.colcon_core.package_identification:_identify(src/carrier_emrac) by extensions ['ignore', 'ignore_ament_install']
[1.143s] Level 1:colcon.colcon_core.package_identification:_identify(src/carrier_emrac) by extension 'ignore'
[1.143s] Level 1:colcon.colcon_core.package_identification:_identify(src/carrier_emrac) by extension 'ignore_ament_install'
[1.143s] Level 1:colcon.colcon_core.package_identification:_identify(src/carrier_emrac) by extensions ['colcon_pkg']
[1.143s] Level 1:colcon.colcon_core.package_identification:_identify(src/carrier_emrac) by extension 'colcon_pkg'
[1.143s] Level 1:colcon.colcon_core.package_identification:_identify(src/carrier_emrac) by extensions ['colcon_meta']
[1.143s] Level 1:colcon.colcon_core.package_identification:_identify(src/carrier_emrac) by extension 'colcon_meta'
[1.143s] Level 1:colcon.colcon_core.package_identification:_identify(src/carrier_emrac) by extensions ['ros']
[1.144s] Level 1:colcon.colcon_core.package_identification:_identify(src/carrier_emrac) by extension 'ros'
[1.146s] DEBUG:colcon.colcon_core.package_identification:Package 'src/carrier_emrac' with type 'ros.ament_python' and name 'carrier_emrac'
[1.146s] Level 1:colcon.colcon_core.package_identification:_identify(src/cyclus_description) by extensions ['ignore', 'ignore_ament_install']
[1.147s] Level 1:colcon.colcon_core.package_identification:_identify(src/cyclus_description) by extension 'ignore'
[1.147s] Level 1:colcon.colcon_core.package_identification:_identify(src/cyclus_description) by extension 'ignore_ament_install'
[1.147s] Level 1:colcon.colcon_core.package_identification:_identify(src/cyclus_description) by extensions ['colcon_pkg']
[1.147s] Level 1:colcon.colcon_core.package_identification:_identify(src/cyclus_description) by extension 'colcon_pkg'
[1.147s] Level 1:colcon.colcon_core.package_identification:_identify(src/cyclus_description) by extensions ['colcon_meta']
[1.147s] Level 1:colcon.colcon_core.package_identification:_identify(src/cyclus_description) by extension 'colcon_meta'
[1.147s] Level 1:colcon.colcon_core.package_identification:_identify(src/cyclus_description) by extensions ['ros']
[1.147s] Level 1:colcon.colcon_core.package_identification:_identify(src/cyclus_description) by extension 'ros'
[1.148s] DEBUG:colcon.colcon_core.package_identification:Package 'src/cyclus_description' with type 'ros.ament_cmake' and name 'cyclus_description'
[1.148s] Level 1:colcon.colcon_core.package_discovery:discover_packages(recursive) using defaults
[1.148s] Level 1:colcon.colcon_core.package_discovery:discover_packages(ignore) discover
[1.148s] Level 1:colcon.colcon_core.package_discovery:discover_packages(ignore) using defaults
[1.148s] Level 1:colcon.colcon_core.package_discovery:discover_packages(path) discover
[1.148s] Level 1:colcon.colcon_core.package_discovery:discover_packages(path) using defaults
[1.186s] Level 1:colcon.colcon_core.package_discovery:discover_packages(prefix_path) check parameters
[1.186s] Level 1:colcon.colcon_core.package_discovery:discover_packages(prefix_path) discover
[1.196s] DEBUG:colcon.colcon_installed_package_information.package_discovery:Found 2 installed packages in /home/bargavan/cyclus/install
[1.198s] DEBUG:colcon.colcon_installed_package_information.package_discovery:Found 521 installed packages in /opt/ros/humble
[1.201s] Level 1:colcon.colcon_core.package_discovery:discover_packages(prefix_path) using defaults
[1.258s] Level 5:colcon.colcon_core.verb:set package 'carrier_emrac' build argument 'cmake_args' from command line to 'None'
[1.258s] Level 5:colcon.colcon_core.verb:set package 'carrier_emrac' build argument 'cmake_target' from command line to 'None'
[1.258s] Level 5:colcon.colcon_core.verb:set package 'carrier_emrac' build argument 'cmake_target_skip_unavailable' from command line to 'False'
[1.258s] Level 5:colcon.colcon_core.verb:set package 'carrier_emrac' build argument 'cmake_clean_cache' from command line to 'False'
[1.258s] Level 5:colcon.colcon_core.verb:set package 'carrier_emrac' build argument 'cmake_clean_first' from command line to 'False'
[1.258s] Level 5:colcon.colcon_core.verb:set package 'carrier_emrac' build argument 'cmake_force_configure' from command line to 'False'
[1.258s] Level 5:colcon.colcon_core.verb:set package 'carrier_emrac' build argument 'ament_cmake_args' from command line to 'None'
[1.258s] Level 5:colcon.colcon_core.verb:set package 'carrier_emrac' build argument 'catkin_cmake_args' from command line to 'None'
[1.258s] Level 5:colcon.colcon_core.verb:set package 'carrier_emrac' build argument 'catkin_skip_building_tests' from command line to 'False'
[1.258s] DEBUG:colcon.colcon_core.verb:Building package 'carrier_emrac' with the following arguments: {'ament_cmake_args': None, 'build_base': '/home/bargavan/cyclus/build/carrier_emrac', 'catkin_cmake_args': None, 'catkin_skip_building_tests': False, 'cmake_args': None, 'cmake_clean_cache': False, 'cmake_clean_first': False, 'cmake_force_configure': False, 'cmake_target': None, 'cmake_target_skip_unavailable': False, 'install_base': '/home/bargavan/cyclus/install/carrier_emrac', 'merge_install': False, 'path': '/home/bargavan/cyclus/src/carrier_emrac', 'symlink_install': False, 'test_result_base': None}
[1.258s] Level 5:colcon.colcon_core.verb:set package 'cyclus_description' build argument 'cmake_args' from command line to 'None'
[1.258s] Level 5:colcon.colcon_core.verb:set package 'cyclus_description' build argument 'cmake_target' from command line to 'None'
[1.258s] Level 5:colcon.colcon_core.verb:set package 'cyclus_description' build argument 'cmake_target_skip_unavailable' from command line to 'False'
[1.258s] Level 5:colcon.colcon_core.verb:set package 'cyclus_description' build argument 'cmake_clean_cache' from command line to 'False'
[1.258s] Level 5:colcon.colcon_core.verb:set package 'cyclus_description' build argument 'cmake_clean_first' from command line to 'False'
[1.258s] Level 5:colcon.colcon_core.verb:set package 'cyclus_description' build argument 'cmake_force_configure' from command line to 'False'
[1.258s] Level 5:colcon.colcon_core.verb:set package 'cyclus_description' build argument 'ament_cmake_args' from command line to 'None'
[1.258s] Level 5:colcon.colcon_core.verb:set package 'cyclus_description' build argument 'catkin_cmake_args' from command line to 'None'
[1.258s] Level 5:colcon.colcon_core.verb:set package 'cyclus_description' build argument 'catkin_skip_building_tests' from command line to 'False'
[1.259s] DEBUG:colcon.colcon_core.verb:Building package 'cyclus_description' with the following arguments: {'ament_cmake_args': None, 'build_base': '/home/bargavan/cyclus/build/cyclus_description', 'catkin_cmake_args': None, 'catkin_skip_building_tests': False, 'cmake_args': None, 'cmake_clean_cache': False, 'cmake_clean_first': False, 'cmake_force_configure': False, 'cmake_target': None, 'cmake_target_skip_unavailable': False, 'install_base': '/home/bargavan/cyclus/install/cyclus_description', 'merge_install': False, 'path': '/home/bargavan/cyclus/src/cyclus_description', 'symlink_install': False, 'test_result_base': None}
[1.259s] INFO:colcon.colcon_core.executor:Executing jobs using 'parallel' executor
[1.260s] DEBUG:colcon.colcon_parallel_executor.executor.parallel:run_until_complete
[1.260s] INFO:colcon.colcon_ros.task.ament_python.build:Building ROS package in '/home/bargavan/cyclus/src/carrier_emrac' with build type 'ament_python'
[1.260s] Level 1:colcon.colcon_core.shell:create_environment_hook('carrier_emrac', 'ament_prefix_path')
[1.266s] INFO:colcon.colcon_core.plugin_system:Skipping extension 'colcon_core.shell.bat': Not used on non-Windows systems
[1.266s] INFO:colcon.colcon_core.shell:Creating environment hook '/home/bargavan/cyclus/install/carrier_emrac/share/carrier_emrac/hook/ament_prefix_path.ps1'
[1.269s] INFO:colcon.colcon_core.shell:Creating environment descriptor '/home/bargavan/cyclus/install/carrier_emrac/share/carrier_emrac/hook/ament_prefix_path.dsv'
[1.270s] INFO:colcon.colcon_core.shell:Creating environment hook '/home/bargavan/cyclus/install/carrier_emrac/share/carrier_emrac/hook/ament_prefix_path.sh'
[1.271s] INFO:colcon.colcon_core.shell:Skip shell extension 'powershell' for command environment: Not usable outside of PowerShell
[1.271s] DEBUG:colcon.colcon_core.shell:Skip shell extension 'dsv' for command environment
[1.275s] INFO:colcon.colcon_ros.task.ament_cmake.build:Building ROS package in '/home/bargavan/cyclus/src/cyclus_description' with build type 'ament_cmake'
[1.275s] INFO:colcon.colcon_cmake.task.cmake.build:Building CMake package in '/home/bargavan/cyclus/src/cyclus_description'
[1.276s] INFO:colcon.colcon_core.shell:Skip shell extension 'powershell' for command environment: Not usable outside of PowerShell
[1.276s] DEBUG:colcon.colcon_core.shell:Skip shell extension 'dsv' for command environment
[1.540s] INFO:colcon.colcon_core.task.python.build:Building Python package in '/home/bargavan/cyclus/src/carrier_emrac'
[1.540s] INFO:colcon.colcon_core.shell:Skip shell extension 'powershell' for command environment: Not usable outside of PowerShell
[1.540s] DEBUG:colcon.colcon_core.shell:Skip shell extension 'dsv' for command environment
[1.551s] DEBUG:colcon.colcon_core.event_handler.log_command:Invoking command in '/home/bargavan/cyclus/build/cyclus_description': CMAKE_PREFIX_PATH=${CMAKE_PREFIX_PATH}:/home/bargavan/cyclus/install/carrier_emrac:/opt/ros/humble /usr/bin/cmake --build /home/bargavan/cyclus/build/cyclus_description -- -j8 -l8
[1.586s] DEBUG:colcon.colcon_core.event_handler.log_command:Invoked command in '/home/bargavan/cyclus/build/cyclus_description' returned '0': CMAKE_PREFIX_PATH=${CMAKE_PREFIX_PATH}:/home/bargavan/cyclus/install/carrier_emrac:/opt/ros/humble /usr/bin/cmake --build /home/bargavan/cyclus/build/cyclus_description -- -j8 -l8
[1.596s] DEBUG:colcon.colcon_core.event_handler.log_command:Invoking command in '/home/bargavan/cyclus/build/cyclus_description': CMAKE_PREFIX_PATH=${CMAKE_PREFIX_PATH}:/home/bargavan/cyclus/install/carrier_emrac:/opt/ros/humble /usr/bin/cmake --install /home/bargavan/cyclus/build/cyclus_description
[1.618s] Level 1:colcon.colcon_core.environment:create_environment_scripts_only(cyclus_description)
[1.619s] DEBUG:colcon.colcon_core.event_handler.log_command:Invoked command in '/home/bargavan/cyclus/build/cyclus_description' returned '0': CMAKE_PREFIX_PATH=${CMAKE_PREFIX_PATH}:/home/bargavan/cyclus/install/carrier_emrac:/opt/ros/humble /usr/bin/cmake --install /home/bargavan/cyclus/build/cyclus_description
[1.624s] Level 1:colcon.colcon_core.environment:checking '/home/bargavan/cyclus/install/cyclus_description' for CMake module files
[1.624s] Level 1:colcon.colcon_core.environment:checking '/home/bargavan/cyclus/install/cyclus_description' for CMake config files
[1.625s] Level 1:colcon.colcon_core.shell:create_environment_hook('cyclus_description', 'cmake_prefix_path')
[1.625s] INFO:colcon.colcon_core.shell:Creating environment hook '/home/bargavan/cyclus/install/cyclus_description/share/cyclus_description/hook/cmake_prefix_path.ps1'
[1.626s] INFO:colcon.colcon_core.shell:Creating environment descriptor '/home/bargavan/cyclus/install/cyclus_description/share/cyclus_description/hook/cmake_prefix_path.dsv'
[1.626s] INFO:colcon.colcon_core.shell:Creating environment hook '/home/bargavan/cyclus/install/cyclus_description/share/cyclus_description/hook/cmake_prefix_path.sh'
[1.627s] Level 1:colcon.colcon_core.environment:checking '/home/bargavan/cyclus/install/cyclus_description/lib'
[1.627s] Level 1:colcon.colcon_core.environment:checking '/home/bargavan/cyclus/install/cyclus_description/bin'
[1.627s] Level 1:colcon.colcon_core.environment:checking '/home/bargavan/cyclus/install/cyclus_description/lib/pkgconfig/cyclus_description.pc'
[1.627s] Level 1:colcon.colcon_core.environment:checking '/home/bargavan/cyclus/install/cyclus_description/lib/python3.10/site-packages'
[1.628s] Level 1:colcon.colcon_core.environment:checking '/home/bargavan/cyclus/install/cyclus_description/bin'
[1.628s] INFO:colcon.colcon_core.shell:Creating package script '/home/bargavan/cyclus/install/cyclus_description/share/cyclus_description/package.ps1'
[1.629s] INFO:colcon.colcon_core.shell:Creating package descriptor '/home/bargavan/cyclus/install/cyclus_description/share/cyclus_description/package.dsv'
[1.630s] INFO:colcon.colcon_core.shell:Creating package script '/home/bargavan/cyclus/install/cyclus_description/share/cyclus_description/package.sh'
[1.630s] INFO:colcon.colcon_core.shell:Creating package script '/home/bargavan/cyclus/install/cyclus_description/share/cyclus_description/package.bash'
[1.631s] INFO:colcon.colcon_core.shell:Creating package script '/home/bargavan/cyclus/install/cyclus_description/share/cyclus_description/package.zsh'
[1.632s] Level 1:colcon.colcon_core.environment:create_file_with_runtime_dependencies(/home/bargavan/cyclus/install/cyclus_description/share/colcon-core/packages/cyclus_description)
[1.633s] Level 1:colcon.colcon_core.environment:create_environment_scripts_only(cyclus_description)
[1.633s] Level 1:colcon.colcon_core.environment:checking '/home/bargavan/cyclus/install/cyclus_description' for CMake module files
[1.633s] Level 1:colcon.colcon_core.environment:checking '/home/bargavan/cyclus/install/cyclus_description' for CMake config files
[1.634s] Level 1:colcon.colcon_core.shell:create_environment_hook('cyclus_description', 'cmake_prefix_path')
[1.634s] INFO:colcon.colcon_core.shell:Creating environment hook '/home/bargavan/cyclus/install/cyclus_description/share/cyclus_description/hook/cmake_prefix_path.ps1'
[1.634s] INFO:colcon.colcon_core.shell:Creating environment descriptor '/home/bargavan/cyclus/install/cyclus_description/share/cyclus_description/hook/cmake_prefix_path.dsv'
[1.635s] INFO:colcon.colcon_core.shell:Creating environment hook '/home/bargavan/cyclus/install/cyclus_description/share/cyclus_description/hook/cmake_prefix_path.sh'
[1.635s] Level 1:colcon.colcon_core.environment:checking '/home/bargavan/cyclus/install/cyclus_description/lib'
[1.635s] Level 1:colcon.colcon_core.environment:checking '/home/bargavan/cyclus/install/cyclus_description/bin'
[1.635s] Level 1:colcon.colcon_core.environment:checking '/home/bargavan/cyclus/install/cyclus_description/lib/pkgconfig/cyclus_description.pc'
[1.636s] Level 1:colcon.colcon_core.environment:checking '/home/bargavan/cyclus/install/cyclus_description/lib/python3.10/site-packages'
[1.636s] Level 1:colcon.colcon_core.environment:checking '/home/bargavan/cyclus/install/cyclus_description/bin'
[1.636s] INFO:colcon.colcon_core.shell:Creating package script '/home/bargavan/cyclus/install/cyclus_description/share/cyclus_description/package.ps1'
[1.637s] INFO:colcon.colcon_core.shell:Creating package descriptor '/home/bargavan/cyclus/install/cyclus_description/share/cyclus_description/package.dsv'
[1.637s] INFO:colcon.colcon_core.shell:Creating package script '/home/bargavan/cyclus/install/cyclus_description/share/cyclus_description/package.sh'
[1.638s] INFO:colcon.colcon_core.shell:Creating package script '/home/bargavan/cyclus/install/cyclus_description/share/cyclus_description/package.bash'
[1.638s] INFO:colcon.colcon_core.shell:Creating package script '/home/bargavan/cyclus/install/cyclus_description/share/cyclus_description/package.zsh'
[1.639s] Level 1:colcon.colcon_core.environment:create_file_with_runtime_dependencies(/home/bargavan/cyclus/install/cyclus_description/share/colcon-core/packages/cyclus_description)
[2.092s] DEBUG:colcon.colcon_core.event_handler.log_command:Invoking command in '/home/bargavan/cyclus/src/carrier_emrac': PYTHONPATH=/home/bargavan/cyclus/build/carrier_emrac/prefix_override:/usr/lib/python3/dist-packages/colcon_core/task/python/colcon_distutils_commands:/home/bargavan/cyclus/install/carrier_emrac/lib/python3.10/site-packages:${PYTHONPATH} /usr/bin/python3 -W ignore:setup.py install is deprecated -W ignore:easy_install command is deprecated setup.py egg_info --egg-base ../../build/carrier_emrac build --build-base /home/bargavan/cyclus/build/carrier_emrac/build install --record /home/bargavan/cyclus/build/carrier_emrac/install.log --single-version-externally-managed install_data
[2.385s] Level 1:colcon.colcon_core.environment:checking '/home/bargavan/cyclus/install/carrier_emrac' for CMake module files
[2.386s] DEBUG:colcon.colcon_core.event_handler.log_command:Invoked command in '/home/bargavan/cyclus/src/carrier_emrac' returned '0': PYTHONPATH=/home/bargavan/cyclus/build/carrier_emrac/prefix_override:/usr/lib/python3/dist-packages/colcon_core/task/python/colcon_distutils_commands:/home/bargavan/cyclus/install/carrier_emrac/lib/python3.10/site-packages:${PYTHONPATH} /usr/bin/python3 -W ignore:setup.py install is deprecated -W ignore:easy_install command is deprecated setup.py egg_info --egg-base ../../build/carrier_emrac build --build-base /home/bargavan/cyclus/build/carrier_emrac/build install --record /home/bargavan/cyclus/build/carrier_emrac/install.log --single-version-externally-managed install_data
[2.386s] Level 1:colcon.colcon_core.environment:checking '/home/bargavan/cyclus/install/carrier_emrac' for CMake config files
[2.387s] Level 1:colcon.colcon_core.environment:checking '/home/bargavan/cyclus/install/carrier_emrac/lib'
[2.387s] Level 1:colcon.colcon_core.environment:checking '/home/bargavan/cyclus/install/carrier_emrac/bin'
[2.387s] Level 1:colcon.colcon_core.environment:checking '/home/bargavan/cyclus/install/carrier_emrac/lib/pkgconfig/carrier_emrac.pc'
[2.387s] Level 1:colcon.colcon_core.environment:checking '/home/bargavan/cyclus/install/carrier_emrac/lib/python3.10/site-packages'
[2.387s] Level 1:colcon.colcon_core.shell:create_environment_hook('carrier_emrac', 'pythonpath')
[2.387s] INFO:colcon.colcon_core.shell:Creating environment hook '/home/bargavan/cyclus/install/carrier_emrac/share/carrier_emrac/hook/pythonpath.ps1'
[2.388s] INFO:colcon.colcon_core.shell:Creating environment descriptor '/home/bargavan/cyclus/install/carrier_emrac/share/carrier_emrac/hook/pythonpath.dsv'
[2.388s] INFO:colcon.colcon_core.shell:Creating environment hook '/home/bargavan/cyclus/install/carrier_emrac/share/carrier_emrac/hook/pythonpath.sh'
[2.389s] Level 1:colcon.colcon_core.environment:checking '/home/bargavan/cyclus/install/carrier_emrac/bin'
[2.389s] Level 1:colcon.colcon_core.environment:create_environment_scripts_only(carrier_emrac)
[2.390s] INFO:colcon.colcon_core.shell:Creating package script '/home/bargavan/cyclus/install/carrier_emrac/share/carrier_emrac/package.ps1'
[2.390s] INFO:colcon.colcon_core.shell:Creating package descriptor '/home/bargavan/cyclus/install/carrier_emrac/share/carrier_emrac/package.dsv'
[2.391s] INFO:colcon.colcon_core.shell:Creating package script '/home/bargavan/cyclus/install/carrier_emrac/share/carrier_emrac/package.sh'
[2.391s] INFO:colcon.colcon_core.shell:Creating package script '/home/bargavan/cyclus/install/carrier_emrac/share/carrier_emrac/package.bash'
[2.391s] INFO:colcon.colcon_core.shell:Creating package script '/home/bargavan/cyclus/install/carrier_emrac/share/carrier_emrac/package.zsh'
[2.392s] Level 1:colcon.colcon_core.environment:create_file_with_runtime_dependencies(/home/bargavan/cyclus/install/carrier_emrac/share/colcon-core/packages/carrier_emrac)
[2.392s] DEBUG:colcon.colcon_parallel_executor.executor.parallel:closing loop
[2.392s] DEBUG:colcon.colcon_parallel_executor.executor.parallel:loop closed
[2.392s] DEBUG:colcon.colcon_parallel_executor.executor.parallel:run_until_complete finished with '0'
[2.393s] DEBUG:colcon.colcon_core.event_reactor:joining thread
[2.401s] INFO:colcon.colcon_core.plugin_system:Skipping extension 'colcon_notification.desktop_notification.terminal_notifier': Not used on non-Darwin systems
[2.401s] INFO:colcon.colcon_core.plugin_system:Skipping extension 'colcon_notification.desktop_notification.win32': Not used on non-Windows systems
[2.401s] INFO:colcon.colcon_notification.desktop_notification:Sending desktop notification using 'notify2'
[2.415s] DEBUG:colcon.colcon_core.event_reactor:joined thread
[2.415s] INFO:colcon.colcon_core.shell:Creating prefix script '/home/bargavan/cyclus/install/local_setup.ps1'
[2.416s] INFO:colcon.colcon_core.shell:Creating prefix util module '/home/bargavan/cyclus/install/_local_setup_util_ps1.py'
[2.418s] INFO:colcon.colcon_core.shell:Creating prefix chain script '/home/bargavan/cyclus/install/setup.ps1'
[2.420s] INFO:colcon.colcon_core.shell:Creating prefix script '/home/bargavan/cyclus/install/local_setup.sh'
[2.421s] INFO:colcon.colcon_core.shell:Creating prefix util module '/home/bargavan/cyclus/install/_local_setup_util_sh.py'
[2.422s] INFO:colcon.colcon_core.shell:Creating prefix chain script '/home/bargavan/cyclus/install/setup.sh'
[2.424s] INFO:colcon.colcon_core.shell:Creating prefix script '/home/bargavan/cyclus/install/local_setup.bash'
[2.425s] INFO:colcon.colcon_core.shell:Creating prefix chain script '/home/bargavan/cyclus/install/setup.bash'
[2.428s] INFO:colcon.colcon_core.shell:Creating prefix script '/home/bargavan/cyclus/install/local_setup.zsh'
[2.429s] INFO:colcon.colcon_core.shell:Creating prefix chain script '/home/bargavan/cyclus/install/setup.zsh'
