-- Install configuration: ""
-- Up-to-date: /home/bargavan/cyclus/install/cyclus_description/share/cyclus_description/launch
-- Up-to-date: /home/bargavan/cyclus/install/cyclus_description/share/cyclus_description/launch/gazebo.launch.py
-- Up-to-date: /home/bargavan/cyclus/install/cyclus_description/share/cyclus_description/meshes
-- Up-to-date: /home/bargavan/cyclus/install/cyclus_description/share/cyclus_description/meshes/stationary_structure_left.STL
-- Up-to-date: /home/bargavan/cyclus/install/cyclus_description/share/cyclus_description/meshes/stationary_structure_right.STL
-- Up-to-date: /home/bargavan/cyclus/install/cyclus_description/share/cyclus_description/urdf
-- Installing: /home/bargavan/cyclus/install/cyclus_description/share/cyclus_description/urdf/cyclus_stationary_scene.urdf.xacro
-- Up-to-date: /home/bargavan/cyclus/install/cyclus_description/share/cyclus_description/worlds
-- Up-to-date: /home/bargavan/cyclus/install/cyclus_description/share/cyclus_description/worlds/cyclus_empty.world.sdf
-- Up-to-date: /home/bargavan/cyclus/install/cyclus_description/share/ament_index/resource_index/package_run_dependencies/cyclus_description
-- Up-to-date: /home/bargavan/cyclus/install/cyclus_description/share/ament_index/resource_index/parent_prefix_path/cyclus_description
-- Up-to-date: /home/bargavan/cyclus/install/cyclus_description/share/cyclus_description/environment/ament_prefix_path.sh
-- Up-to-date: /home/bargavan/cyclus/install/cyclus_description/share/cyclus_description/environment/ament_prefix_path.dsv
-- Up-to-date: /home/bargavan/cyclus/install/cyclus_description/share/cyclus_description/environment/path.sh
-- Up-to-date: /home/bargavan/cyclus/install/cyclus_description/share/cyclus_description/environment/path.dsv
-- Up-to-date: /home/bargavan/cyclus/install/cyclus_description/share/cyclus_description/local_setup.bash
-- Up-to-date: /home/bargavan/cyclus/install/cyclus_description/share/cyclus_description/local_setup.sh
-- Up-to-date: /home/bargavan/cyclus/install/cyclus_description/share/cyclus_description/local_setup.zsh
-- Up-to-date: /home/bargavan/cyclus/install/cyclus_description/share/cyclus_description/local_setup.dsv
-- Installing: /home/bargavan/cyclus/install/cyclus_description/share/cyclus_description/package.dsv
-- Up-to-date: /home/bargavan/cyclus/install/cyclus_description/share/ament_index/resource_index/packages/cyclus_description
-- Up-to-date: /home/bargavan/cyclus/install/cyclus_description/share/cyclus_description/cmake/cyclus_descriptionConfig.cmake
-- Up-to-date: /home/bargavan/cyclus/install/cyclus_description/share/cyclus_description/cmake/cyclus_descriptionConfig-version.cmake
-- Up-to-date: /home/bargavan/cyclus/install/cyclus_description/share/cyclus_description/package.xml
