running develop
Removing /home/bargavan/cyclus/install/carrier_emrac/lib/python3.10/site-packages/carrier-emrac.egg-link (link to .)
running egg_info
writing ../../build/carrier_emrac/carrier_emrac.egg-info/PKG-INFO
writing dependency_links to ../../build/carrier_emrac/carrier_emrac.egg-info/dependency_links.txt
writing entry points to ../../build/carrier_emrac/carrier_emrac.egg-info/entry_points.txt
writing requirements to ../../build/carrier_emrac/carrier_emrac.egg-info/requires.txt
writing top-level names to ../../build/carrier_emrac/carrier_emrac.egg-info/top_level.txt
reading manifest file '../../build/carrier_emrac/carrier_emrac.egg-info/SOURCES.txt'
writing manifest file '../../build/carrier_emrac/carrier_emrac.egg-info/SOURCES.txt'
running build
running install
running install_data
copying resource/carrier_emrac -> /home/bargavan/cyclus/install/carrier_emrac/share/ament_index/resource_index/packages
copying package.xml -> /home/bargavan/cyclus/install/carrier_emrac/share/carrier_emrac
copying launch/launch.py -> /home/bargavan/cyclus/install/carrier_emrac/share/carrier_emrac
copying urdf/carrier_emrac.xacro -> /home/bargavan/cyclus/install/carrier_emrac/share/carrier_emrac/urdf/
copying rviz/default.rviz -> /home/bargavan/cyclus/install/carrier_emrac/share/carrier_emrac/rviz/
copying meshes/collision/docking_3.STL -> /home/bargavan/cyclus/install/carrier_emrac/share/carrier_emrac/meshes/collision/
copying meshes/collision/docking_4.STL -> /home/bargavan/cyclus/install/carrier_emrac/share/carrier_emrac/meshes/collision/
copying meshes/collision/dock_arm_1.STL -> /home/bargavan/cyclus/install/carrier_emrac/share/carrier_emrac/meshes/collision/
copying meshes/collision/dock_arm_4.STL -> /home/bargavan/cyclus/install/carrier_emrac/share/carrier_emrac/meshes/collision/
copying meshes/collision/dock_arm_3.STL -> /home/bargavan/cyclus/install/carrier_emrac/share/carrier_emrac/meshes/collision/
copying meshes/collision/base_link.STL -> /home/bargavan/cyclus/install/carrier_emrac/share/carrier_emrac/meshes/collision/
copying meshes/collision/docking_2.STL -> /home/bargavan/cyclus/install/carrier_emrac/share/carrier_emrac/meshes/collision/
copying meshes/collision/docking_1.STL -> /home/bargavan/cyclus/install/carrier_emrac/share/carrier_emrac/meshes/collision/
copying meshes/collision/dock_arm_2.STL -> /home/bargavan/cyclus/install/carrier_emrac/share/carrier_emrac/meshes/collision/
copying meshes/visual/docking_3.STL -> /home/bargavan/cyclus/install/carrier_emrac/share/carrier_emrac/meshes/visual/
copying meshes/visual/docking_4.STL -> /home/bargavan/cyclus/install/carrier_emrac/share/carrier_emrac/meshes/visual/
copying meshes/visual/dock_arm_1.STL -> /home/bargavan/cyclus/install/carrier_emrac/share/carrier_emrac/meshes/visual/
copying meshes/visual/dock_arm_4.STL -> /home/bargavan/cyclus/install/carrier_emrac/share/carrier_emrac/meshes/visual/
copying meshes/visual/dock_arm_3.STL -> /home/bargavan/cyclus/install/carrier_emrac/share/carrier_emrac/meshes/visual/
copying meshes/visual/base_link.STL -> /home/bargavan/cyclus/install/carrier_emrac/share/carrier_emrac/meshes/visual/
copying meshes/visual/docking_2.STL -> /home/bargavan/cyclus/install/carrier_emrac/share/carrier_emrac/meshes/visual/
copying meshes/visual/docking_1.STL -> /home/bargavan/cyclus/install/carrier_emrac/share/carrier_emrac/meshes/visual/
copying meshes/visual/dock_arm_2.STL -> /home/bargavan/cyclus/install/carrier_emrac/share/carrier_emrac/meshes/visual/
running install_egg_info
Copying ../../build/carrier_emrac/carrier_emrac.egg-info to /home/bargavan/cyclus/install/carrier_emrac/lib/python3.10/site-packages/carrier_emrac-0.0.0-py3.10.egg-info
running install_scripts
writing list of installed files to '/home/bargavan/cyclus/build/carrier_emrac/install.log'
