[0.799s] Invoking command in '/home/bargavan/cyclus/build/carrier_emrac': PYTHONPATH=/home/bargavan/cyclus/build/carrier_emrac/prefix_override:/usr/lib/python3/dist-packages/colcon_core/task/python/colcon_distutils_commands:/home/bargavan/cyclus/install/carrier_emrac/lib/python3.10/site-packages:${PYTHONPATH} /usr/bin/python3 -W ignore:setup.py install is deprecated -W ignore:easy_install command is deprecated setup.py develop --uninstall --editable --build-directory /home/bargavan/cyclus/build/carrier_emrac/build
[1.087s] running develop
[1.306s] Removing /home/bargavan/cyclus/install/carrier_emrac/lib/python3.10/site-packages/carrier-emrac.egg-link (link to .)
[1.347s] Invoked command in '/home/bargavan/cyclus/build/carrier_emrac' returned '0': PYTHONPATH=/home/bargavan/cyclus/build/carrier_emrac/prefix_override:/usr/lib/python3/dist-packages/colcon_core/task/python/colcon_distutils_commands:/home/bargavan/cyclus/install/carrier_emrac/lib/python3.10/site-packages:${PYTHONPATH} /usr/bin/python3 -W ignore:setup.py install is deprecated -W ignore:easy_install command is deprecated setup.py develop --uninstall --editable --build-directory /home/bargavan/cyclus/build/carrier_emrac/build
[1.348s] Invoking command in '/home/bargavan/cyclus/src/carrier_emrac': PYTHONPATH=/home/bargavan/cyclus/build/carrier_emrac/prefix_override:/usr/lib/python3/dist-packages/colcon_core/task/python/colcon_distutils_commands:/home/bargavan/cyclus/install/carrier_emrac/lib/python3.10/site-packages:${PYTHONPATH} /usr/bin/python3 -W ignore:setup.py install is deprecated -W ignore:easy_install command is deprecated setup.py egg_info --egg-base ../../build/carrier_emrac build --build-base /home/bargavan/cyclus/build/carrier_emrac/build install --record /home/bargavan/cyclus/build/carrier_emrac/install.log --single-version-externally-managed install_data --force
[1.614s] running egg_info
[1.615s] writing ../../build/carrier_emrac/carrier_emrac.egg-info/PKG-INFO
[1.615s] writing dependency_links to ../../build/carrier_emrac/carrier_emrac.egg-info/dependency_links.txt
[1.615s] writing entry points to ../../build/carrier_emrac/carrier_emrac.egg-info/entry_points.txt
[1.616s] writing requirements to ../../build/carrier_emrac/carrier_emrac.egg-info/requires.txt
[1.616s] writing top-level names to ../../build/carrier_emrac/carrier_emrac.egg-info/top_level.txt
[1.619s] reading manifest file '../../build/carrier_emrac/carrier_emrac.egg-info/SOURCES.txt'
[1.621s] writing manifest file '../../build/carrier_emrac/carrier_emrac.egg-info/SOURCES.txt'
[1.621s] running build
[1.621s] running install
[1.621s] running install_data
[1.621s] copying resource/carrier_emrac -> /home/bargavan/cyclus/install/carrier_emrac/share/ament_index/resource_index/packages
[1.622s] copying package.xml -> /home/bargavan/cyclus/install/carrier_emrac/share/carrier_emrac
[1.622s] copying launch/launch.py -> /home/bargavan/cyclus/install/carrier_emrac/share/carrier_emrac
[1.622s] copying urdf/carrier_emrac.xacro -> /home/bargavan/cyclus/install/carrier_emrac/share/carrier_emrac/urdf/
[1.623s] copying rviz/default.rviz -> /home/bargavan/cyclus/install/carrier_emrac/share/carrier_emrac/rviz/
[1.623s] copying meshes/collision/docking_3.STL -> /home/bargavan/cyclus/install/carrier_emrac/share/carrier_emrac/meshes/collision/
[1.624s] copying meshes/collision/docking_4.STL -> /home/bargavan/cyclus/install/carrier_emrac/share/carrier_emrac/meshes/collision/
[1.624s] copying meshes/collision/dock_arm_1.STL -> /home/bargavan/cyclus/install/carrier_emrac/share/carrier_emrac/meshes/collision/
[1.625s] copying meshes/collision/dock_arm_4.STL -> /home/bargavan/cyclus/install/carrier_emrac/share/carrier_emrac/meshes/collision/
[1.626s] copying meshes/collision/dock_arm_3.STL -> /home/bargavan/cyclus/install/carrier_emrac/share/carrier_emrac/meshes/collision/
[1.626s] copying meshes/collision/base_link.STL -> /home/bargavan/cyclus/install/carrier_emrac/share/carrier_emrac/meshes/collision/
[1.681s] copying meshes/collision/docking_2.STL -> /home/bargavan/cyclus/install/carrier_emrac/share/carrier_emrac/meshes/collision/
[1.681s] copying meshes/collision/docking_1.STL -> /home/bargavan/cyclus/install/carrier_emrac/share/carrier_emrac/meshes/collision/
[1.682s] copying meshes/collision/dock_arm_2.STL -> /home/bargavan/cyclus/install/carrier_emrac/share/carrier_emrac/meshes/collision/
[1.682s] copying meshes/visual/docking_3.STL -> /home/bargavan/cyclus/install/carrier_emrac/share/carrier_emrac/meshes/visual/
[1.683s] copying meshes/visual/docking_4.STL -> /home/bargavan/cyclus/install/carrier_emrac/share/carrier_emrac/meshes/visual/
[1.683s] copying meshes/visual/dock_arm_1.STL -> /home/bargavan/cyclus/install/carrier_emrac/share/carrier_emrac/meshes/visual/
[1.684s] copying meshes/visual/dock_arm_4.STL -> /home/bargavan/cyclus/install/carrier_emrac/share/carrier_emrac/meshes/visual/
[1.684s] copying meshes/visual/dock_arm_3.STL -> /home/bargavan/cyclus/install/carrier_emrac/share/carrier_emrac/meshes/visual/
[1.685s] copying meshes/visual/base_link.STL -> /home/bargavan/cyclus/install/carrier_emrac/share/carrier_emrac/meshes/visual/
[1.734s] copying meshes/visual/docking_2.STL -> /home/bargavan/cyclus/install/carrier_emrac/share/carrier_emrac/meshes/visual/
[1.734s] copying meshes/visual/docking_1.STL -> /home/bargavan/cyclus/install/carrier_emrac/share/carrier_emrac/meshes/visual/
[1.735s] copying meshes/visual/dock_arm_2.STL -> /home/bargavan/cyclus/install/carrier_emrac/share/carrier_emrac/meshes/visual/
[1.735s] running install_egg_info
[1.738s] Copying ../../build/carrier_emrac/carrier_emrac.egg-info to /home/bargavan/cyclus/install/carrier_emrac/lib/python3.10/site-packages/carrier_emrac-0.0.0-py3.10.egg-info
[1.739s] running install_scripts
[1.760s] writing list of installed files to '/home/bargavan/cyclus/build/carrier_emrac/install.log'
[1.786s] Invoked command in '/home/bargavan/cyclus/src/carrier_emrac' returned '0': PYTHONPATH=/home/bargavan/cyclus/build/carrier_emrac/prefix_override:/usr/lib/python3/dist-packages/colcon_core/task/python/colcon_distutils_commands:/home/bargavan/cyclus/install/carrier_emrac/lib/python3.10/site-packages:${PYTHONPATH} /usr/bin/python3 -W ignore:setup.py install is deprecated -W ignore:easy_install command is deprecated setup.py egg_info --egg-base ../../build/carrier_emrac build --build-base /home/bargavan/cyclus/build/carrier_emrac/build install --record /home/bargavan/cyclus/build/carrier_emrac/install.log --single-version-externally-managed install_data --force
