[0.015s] Invoking command in '/home/bargavan/cyclus/build/cyclus_description': CMAKE_PREFIX_PATH=${CMAKE_PREFIX_PATH}:/opt/ros/humble /usr/bin/cmake --build /home/bargavan/cyclus/build/cyclus_description -- -j8 -l8
[0.065s] Invoked command in '/home/bargavan/cyclus/build/cyclus_description' returned '0': CMAKE_PREFIX_PATH=${CMAKE_PREFIX_PATH}:/opt/ros/humble /usr/bin/cmake --build /home/bargavan/cyclus/build/cyclus_description -- -j8 -l8
[0.076s] Invoking command in '/home/bargavan/cyclus/build/cyclus_description': CMAKE_PREFIX_PATH=${CMAKE_PREFIX_PATH}:/opt/ros/humble /usr/bin/cmake --install /home/bargavan/cyclus/build/cyclus_description
[0.091s] -- Install configuration: ""
[0.091s] -- Up-to-date: /home/bargavan/cyclus/install/cyclus_description/share/cyclus_description/launch
[0.091s] -- Up-to-date: /home/bargavan/cyclus/install/cyclus_description/share/cyclus_description/launch/gazebo.launch.py
[0.091s] -- Up-to-date: /home/bargavan/cyclus/install/cyclus_description/share/cyclus_description/meshes
[0.092s] -- Up-to-date: /home/bargavan/cyclus/install/cyclus_description/share/cyclus_description/meshes/stationary_structure_left.STL
[0.092s] -- Up-to-date: /home/bargavan/cyclus/install/cyclus_description/share/cyclus_description/meshes/stationary_structure_right.STL
[0.092s] -- Up-to-date: /home/bargavan/cyclus/install/cyclus_description/share/cyclus_description/urdf
[0.092s] -- Installing: /home/bargavan/cyclus/install/cyclus_description/share/cyclus_description/urdf/cyclus_stationary_scene.urdf.xacro
[0.093s] -- Up-to-date: /home/bargavan/cyclus/install/cyclus_description/share/cyclus_description/worlds
[0.093s] -- Up-to-date: /home/bargavan/cyclus/install/cyclus_description/share/cyclus_description/worlds/cyclus_empty.world.sdf
[0.093s] -- Up-to-date: /home/bargavan/cyclus/install/cyclus_description/share/ament_index/resource_index/package_run_dependencies/cyclus_description
[0.093s] -- Up-to-date: /home/bargavan/cyclus/install/cyclus_description/share/ament_index/resource_index/parent_prefix_path/cyclus_description
[0.093s] -- Up-to-date: /home/bargavan/cyclus/install/cyclus_description/share/cyclus_description/environment/ament_prefix_path.sh
[0.093s] -- Up-to-date: /home/bargavan/cyclus/install/cyclus_description/share/cyclus_description/environment/ament_prefix_path.dsv
[0.093s] -- Up-to-date: /home/bargavan/cyclus/install/cyclus_description/share/cyclus_description/environment/path.sh
[0.093s] -- Up-to-date: /home/bargavan/cyclus/install/cyclus_description/share/cyclus_description/environment/path.dsv
[0.093s] -- Up-to-date: /home/bargavan/cyclus/install/cyclus_description/share/cyclus_description/local_setup.bash
[0.093s] -- Up-to-date: /home/bargavan/cyclus/install/cyclus_description/share/cyclus_description/local_setup.sh
[0.093s] -- Up-to-date: /home/bargavan/cyclus/install/cyclus_description/share/cyclus_description/local_setup.zsh
[0.093s] -- Up-to-date: /home/bargavan/cyclus/install/cyclus_description/share/cyclus_description/local_setup.dsv
[0.093s] -- Up-to-date: /home/bargavan/cyclus/install/cyclus_description/share/cyclus_description/package.dsv
[0.094s] -- Up-to-date: /home/bargavan/cyclus/install/cyclus_description/share/ament_index/resource_index/packages/cyclus_description
[0.094s] -- Up-to-date: /home/bargavan/cyclus/install/cyclus_description/share/cyclus_description/cmake/cyclus_descriptionConfig.cmake
[0.094s] -- Up-to-date: /home/bargavan/cyclus/install/cyclus_description/share/cyclus_description/cmake/cyclus_descriptionConfig-version.cmake
[0.094s] -- Up-to-date: /home/bargavan/cyclus/install/cyclus_description/share/cyclus_description/package.xml
[0.094s] Invoked command in '/home/bargavan/cyclus/build/cyclus_description' returned '0': CMAKE_PREFIX_PATH=${CMAKE_PREFIX_PATH}:/opt/ros/humble /usr/bin/cmake --install /home/bargavan/cyclus/build/cyclus_description
