-- Install configuration: ""
-- Up-to-date: /home/bargavan/cyclus/install/cyclus_description/share/cyclus_description/launch
-- Installing: /home/bargavan/cyclus/install/cyclus_description/share/cyclus_description/launch/emrac_body.launch.py
-- Up-to-date: /home/bargavan/cyclus/install/cyclus_description/share/cyclus_description/launch/__pycache__
-- Installing: /home/bargavan/cyclus/install/cyclus_description/share/cyclus_description/launch/__pycache__/emrac_body.launch.cpython-310.pyc
-- Up-to-date: /home/bargavan/cyclus/install/cyclus_description/share/cyclus_description/launch/gazebo.launch.py
-- Up-to-date: /home/bargavan/cyclus/install/cyclus_description/share/cyclus_description/meshes
-- Up-to-date: /home/bargavan/cyclus/install/cyclus_description/share/cyclus_description/meshes/stationary_structure_left.STL
-- Installing: /home/bargavan/cyclus/install/cyclus_description/share/cyclus_description/meshes/emrac
-- Installing: /home/bargavan/cyclus/install/cyclus_description/share/cyclus_description/meshes/emrac/EMRAC Lift Arms Drv Blks Dwn Pos 1.stl
-- Installing: /home/bargavan/cyclus/install/cyclus_description/share/cyclus_description/meshes/emrac/EMRAC Electro Mechanical Drive Pos 3.stl
-- Installing: /home/bargavan/cyclus/install/cyclus_description/share/cyclus_description/meshes/emrac/EMRAC Pos 1-2.stl
-- Installing: /home/bargavan/cyclus/install/cyclus_description/share/cyclus_description/meshes/emrac/EMRAC Lift Support Blocks Pos 1.stl
-- Installing: /home/bargavan/cyclus/install/cyclus_description/share/cyclus_description/meshes/emrac/EMRAC Lift Support Blocks Bolts Pos 1.stl
-- Installing: /home/bargavan/cyclus/install/cyclus_description/share/cyclus_description/meshes/emrac/EMRAC Lift Plate Dwn Pos 1.stl
-- Installing: /home/bargavan/cyclus/install/cyclus_description/share/cyclus_description/meshes/emrac/EMRAC Lift Arms Dwn Pos 1.stl
-- Installing: /home/bargavan/cyclus/install/cyclus_description/share/cyclus_description/meshes/emrac/EMRAC Lift ACME Drv Shaft Pos 1.stl
-- Installing: /home/bargavan/cyclus/install/cyclus_description/share/cyclus_description/meshes/emrac/EMRAC Lift ACME Drv Shaft Motors Pos 1.stl
-- Up-to-date: /home/bargavan/cyclus/install/cyclus_description/share/cyclus_description/meshes/stationary_structure_right.STL
-- Up-to-date: /home/bargavan/cyclus/install/cyclus_description/share/cyclus_description/urdf
-- Installing: /home/bargavan/cyclus/install/cyclus_description/share/cyclus_description/urdf/cyclus_stationary_scene.urdf.xacro
-- Installing: /home/bargavan/cyclus/install/cyclus_description/share/cyclus_description/urdf/emrac_body.urdf.xacro
-- Up-to-date: /home/bargavan/cyclus/install/cyclus_description/share/cyclus_description/worlds
-- Up-to-date: /home/bargavan/cyclus/install/cyclus_description/share/cyclus_description/worlds/cyclus_empty.world.sdf
-- Up-to-date: /home/bargavan/cyclus/install/cyclus_description/share/ament_index/resource_index/package_run_dependencies/cyclus_description
-- Up-to-date: /home/bargavan/cyclus/install/cyclus_description/share/ament_index/resource_index/parent_prefix_path/cyclus_description
-- Up-to-date: /home/bargavan/cyclus/install/cyclus_description/share/cyclus_description/environment/ament_prefix_path.sh
-- Up-to-date: /home/bargavan/cyclus/install/cyclus_description/share/cyclus_description/environment/ament_prefix_path.dsv
-- Up-to-date: /home/bargavan/cyclus/install/cyclus_description/share/cyclus_description/environment/path.sh
-- Up-to-date: /home/bargavan/cyclus/install/cyclus_description/share/cyclus_description/environment/path.dsv
-- Up-to-date: /home/bargavan/cyclus/install/cyclus_description/share/cyclus_description/local_setup.bash
-- Up-to-date: /home/bargavan/cyclus/install/cyclus_description/share/cyclus_description/local_setup.sh
-- Up-to-date: /home/bargavan/cyclus/install/cyclus_description/share/cyclus_description/local_setup.zsh
-- Up-to-date: /home/bargavan/cyclus/install/cyclus_description/share/cyclus_description/local_setup.dsv
-- Installing: /home/bargavan/cyclus/install/cyclus_description/share/cyclus_description/package.dsv
-- Up-to-date: /home/bargavan/cyclus/install/cyclus_description/share/ament_index/resource_index/packages/cyclus_description
-- Up-to-date: /home/bargavan/cyclus/install/cyclus_description/share/cyclus_description/cmake/cyclus_descriptionConfig.cmake
-- Up-to-date: /home/bargavan/cyclus/install/cyclus_description/share/cyclus_description/cmake/cyclus_descriptionConfig-version.cmake
-- Up-to-date: /home/bargavan/cyclus/install/cyclus_description/share/cyclus_description/package.xml
